Archive member included to satisfy reference by file (symbol)

C:/ST/STM32CubeIDE_1.18.0/STM32CubeIDE/plugins/com.st.stm32cube.ide.mcu.externaltools.gnu-tools-for-stm32.13.3.rel1.win32_1.0.0.202411081344/tools/bin/../lib/gcc/arm-none-eabi/13.3.1/../../../../arm-none-eabi/lib/thumb/v6-m/nofp\libc_nano.a(libc_a-exit.o)
                              C:/ST/STM32CubeIDE_1.18.0/STM32CubeIDE/plugins/com.st.stm32cube.ide.mcu.externaltools.gnu-tools-for-stm32.13.3.rel1.win32_1.0.0.202411081344/tools/bin/../lib/gcc/arm-none-eabi/13.3.1/../../../../arm-none-eabi/lib/thumb/v6-m/nofp/crt0.o (exit)
C:/ST/STM32CubeIDE_1.18.0/STM32CubeIDE/plugins/com.st.stm32cube.ide.mcu.externaltools.gnu-tools-for-stm32.13.3.rel1.win32_1.0.0.202411081344/tools/bin/../lib/gcc/arm-none-eabi/13.3.1/../../../../arm-none-eabi/lib/thumb/v6-m/nofp\libc_nano.a(libc_a-findfp.o)
                              C:/ST/STM32CubeIDE_1.18.0/STM32CubeIDE/plugins/com.st.stm32cube.ide.mcu.externaltools.gnu-tools-for-stm32.13.3.rel1.win32_1.0.0.202411081344/tools/bin/../lib/gcc/arm-none-eabi/13.3.1/../../../../arm-none-eabi/lib/thumb/v6-m/nofp\libc_nano.a(libc_a-exit.o) (__stdio_exit_handler)
C:/ST/STM32CubeIDE_1.18.0/STM32CubeIDE/plugins/com.st.stm32cube.ide.mcu.externaltools.gnu-tools-for-stm32.13.3.rel1.win32_1.0.0.202411081344/tools/bin/../lib/gcc/arm-none-eabi/13.3.1/../../../../arm-none-eabi/lib/thumb/v6-m/nofp\libc_nano.a(libc_a-fwalk.o)
                              C:/ST/STM32CubeIDE_1.18.0/STM32CubeIDE/plugins/com.st.stm32cube.ide.mcu.externaltools.gnu-tools-for-stm32.13.3.rel1.win32_1.0.0.202411081344/tools/bin/../lib/gcc/arm-none-eabi/13.3.1/../../../../arm-none-eabi/lib/thumb/v6-m/nofp\libc_nano.a(libc_a-findfp.o) (_fwalk_sglue)
C:/ST/STM32CubeIDE_1.18.0/STM32CubeIDE/plugins/com.st.stm32cube.ide.mcu.externaltools.gnu-tools-for-stm32.13.3.rel1.win32_1.0.0.202411081344/tools/bin/../lib/gcc/arm-none-eabi/13.3.1/../../../../arm-none-eabi/lib/thumb/v6-m/nofp\libc_nano.a(libc_a-stdio.o)
                              C:/ST/STM32CubeIDE_1.18.0/STM32CubeIDE/plugins/com.st.stm32cube.ide.mcu.externaltools.gnu-tools-for-stm32.13.3.rel1.win32_1.0.0.202411081344/tools/bin/../lib/gcc/arm-none-eabi/13.3.1/../../../../arm-none-eabi/lib/thumb/v6-m/nofp\libc_nano.a(libc_a-findfp.o) (__sread)
C:/ST/STM32CubeIDE_1.18.0/STM32CubeIDE/plugins/com.st.stm32cube.ide.mcu.externaltools.gnu-tools-for-stm32.13.3.rel1.win32_1.0.0.202411081344/tools/bin/../lib/gcc/arm-none-eabi/13.3.1/../../../../arm-none-eabi/lib/thumb/v6-m/nofp\libc_nano.a(libc_a-memset.o)
                              C:/ST/STM32CubeIDE_1.18.0/STM32CubeIDE/plugins/com.st.stm32cube.ide.mcu.externaltools.gnu-tools-for-stm32.13.3.rel1.win32_1.0.0.202411081344/tools/bin/../lib/gcc/arm-none-eabi/13.3.1/../../../../arm-none-eabi/lib/thumb/v6-m/nofp/crt0.o (memset)
C:/ST/STM32CubeIDE_1.18.0/STM32CubeIDE/plugins/com.st.stm32cube.ide.mcu.externaltools.gnu-tools-for-stm32.13.3.rel1.win32_1.0.0.202411081344/tools/bin/../lib/gcc/arm-none-eabi/13.3.1/../../../../arm-none-eabi/lib/thumb/v6-m/nofp\libc_nano.a(libc_a-closer.o)
                              C:/ST/STM32CubeIDE_1.18.0/STM32CubeIDE/plugins/com.st.stm32cube.ide.mcu.externaltools.gnu-tools-for-stm32.13.3.rel1.win32_1.0.0.202411081344/tools/bin/../lib/gcc/arm-none-eabi/13.3.1/../../../../arm-none-eabi/lib/thumb/v6-m/nofp\libc_nano.a(libc_a-stdio.o) (_close_r)
C:/ST/STM32CubeIDE_1.18.0/STM32CubeIDE/plugins/com.st.stm32cube.ide.mcu.externaltools.gnu-tools-for-stm32.13.3.rel1.win32_1.0.0.202411081344/tools/bin/../lib/gcc/arm-none-eabi/13.3.1/../../../../arm-none-eabi/lib/thumb/v6-m/nofp\libc_nano.a(libc_a-reent.o)
                              C:/ST/STM32CubeIDE_1.18.0/STM32CubeIDE/plugins/com.st.stm32cube.ide.mcu.externaltools.gnu-tools-for-stm32.13.3.rel1.win32_1.0.0.202411081344/tools/bin/../lib/gcc/arm-none-eabi/13.3.1/../../../../arm-none-eabi/lib/thumb/v6-m/nofp\libc_nano.a(libc_a-closer.o) (errno)
C:/ST/STM32CubeIDE_1.18.0/STM32CubeIDE/plugins/com.st.stm32cube.ide.mcu.externaltools.gnu-tools-for-stm32.13.3.rel1.win32_1.0.0.202411081344/tools/bin/../lib/gcc/arm-none-eabi/13.3.1/../../../../arm-none-eabi/lib/thumb/v6-m/nofp\libc_nano.a(libc_a-impure.o)
                              C:/ST/STM32CubeIDE_1.18.0/STM32CubeIDE/plugins/com.st.stm32cube.ide.mcu.externaltools.gnu-tools-for-stm32.13.3.rel1.win32_1.0.0.202411081344/tools/bin/../lib/gcc/arm-none-eabi/13.3.1/../../../../arm-none-eabi/lib/thumb/v6-m/nofp\libc_nano.a(libc_a-reent.o) (_impure_ptr)
C:/ST/STM32CubeIDE_1.18.0/STM32CubeIDE/plugins/com.st.stm32cube.ide.mcu.externaltools.gnu-tools-for-stm32.13.3.rel1.win32_1.0.0.202411081344/tools/bin/../lib/gcc/arm-none-eabi/13.3.1/../../../../arm-none-eabi/lib/thumb/v6-m/nofp\libc_nano.a(libc_a-lseekr.o)
[...]
Memory Configuration

Name             Origin             Length             Attributes
RAM              0x20000000         0x00001800         xrw
FLASH            0x08000000         0x00008000         xr
*default*        0x00000000         0xffffffff

Linker script and memory map

LOAD C:/ST/STM32CubeIDE_1.18.0/STM32CubeIDE/plugins/com.st.stm32cube.ide.mcu.externaltools.gnu-tools-for-stm32.13.3.rel1.win32_1.0.0.202411081344/tools/bin/../lib/gcc/arm-none-eabi/13.3.1/thumb/v6-m/nofp/crti.o
LOAD C:/ST/STM32CubeIDE_1.18.0/STM32CubeIDE/plugins/com.st.stm32cube.ide.mcu.externaltools.gnu-tools-for-stm32.13.3.rel1.win32_1.0.0.202411081344/tools/bin/../lib/gcc/arm-none-eabi/13.3.1/thumb/v6-m/nofp/crtbegin.o
LOAD C:/ST/STM32CubeIDE_1.18.0/STM32CubeIDE/plugins/com.st.stm32cube.ide.mcu.externaltools.gnu-tools-for-stm32.13.3.rel1.win32_1.0.0.202411081344/tools/bin/../lib/gcc/arm-none-eabi/13.3.1/../../../../arm-none-eabi/lib/thumb/v6-m/nofp/crt0.o
LOAD ./Core/Src/main.o
LOAD ./Core/Src/stm32f0xx_hal_msp.o
LOAD ./Core/Src/stm32f0xx_it.o
LOAD ./Core/Src/syscalls.o
LOAD ./Core/Src/sysmem.o
LOAD ./Core/Src/system_stm32f0xx.o
LOAD ./Core/Startup/startup_stm32f070f6px.o
LOAD ./Drivers/STM32F0xx_HAL_Driver/Src/stm32f0xx_hal.o
LOAD ./Drivers/STM32F0xx_HAL_Driver/Src/stm32f0xx_hal_cortex.o
LOAD ./Drivers/STM32F0xx_HAL_Driver/Src/stm32f0xx_hal_dma.o
LOAD ./Drivers/STM32F0xx_HAL_Driver/Src/stm32f0xx_hal_exti.o
LOAD ./Drivers/STM32F0xx_HAL_Driver/Src/stm32f0xx_hal_flash.o
LOAD ./Drivers/STM32F0xx_HAL_Driver/Src/stm32f0xx_hal_flash_ex.o
LOAD ./Drivers/STM32F0xx_HAL_Driver/Src/stm32f0xx_hal_gpio.o
LOAD ./Drivers/STM32F0xx_HAL_Driver/Src/stm32f0xx_hal_i2c.o
LOAD ./Drivers/STM32F0xx_HAL_Driver/Src/stm32f0xx_hal_i2c_ex.o
LOAD ./Drivers/STM32F0xx_HAL_Driver/Src/stm32f0xx_hal_pcd.o
LOAD ./Drivers/STM32F0xx_HAL_Driver/Src/stm32f0xx_hal_pcd_ex.o
LOAD ./Drivers/STM32F0xx_HAL_Driver/Src/stm32f0xx_hal_pwr.o
LOAD ./Drivers/STM32F0xx_HAL_Driver/Src/stm32f0xx_hal_pwr_ex.o
LOAD ./Drivers/STM32F0xx_HAL_Driver/Src/stm32f0xx_hal_rcc.o
LOAD ./Drivers/STM32F0xx_HAL_Driver/Src/stm32f0xx_hal_rcc_ex.o
LOAD ./Drivers/STM32F0xx_HAL_Driver/Src/stm32f0xx_hal_uart.o
LOAD ./Drivers/STM32F0xx_HAL_Driver/Src/stm32f0xx_hal_uart_ex.o
LOAD ./Drivers/STM32F0xx_HAL_Driver/Src/stm32f0xx_ll_usb.o
LOAD ./Middlewares/ST/STM32_USB_Device_Library/Class/CDC/Src/usbd_cdc.o
LOAD ./Middlewares/ST/STM32_USB_Device_Library/Core/Src/usbd_core.o
LOAD ./Middlewares/ST/STM32_USB_Device_Library/Core/Src/usbd_ctlreq.o
LOAD ./Middlewares/ST/STM32_USB_Device_Library/Core/Src/usbd_ioreq.o
LOAD ./USB_DEVICE/App/usb_device.o
LOAD ./USB_DEVICE/App/usbd_cdc_if.o
LOAD ./USB_DEVICE/App/usbd_desc.o
LOAD ./USB_DEVICE/Target/usbd_conf.o
START GROUP
LOAD C:/ST/STM32CubeIDE_1.18.0/STM32CubeIDE/plugins/com.st.stm32cube.ide.mcu.externaltools.gnu-tools-for-stm32.13.3.rel1.win32_1.0.0.202411081344/tools/bin/../lib/gcc/arm-none-eabi/13.3.1/../../../../arm-none-eabi/lib/thumb/v6-m/nofp\libc_nano.a
LOAD C:/ST/STM32CubeIDE_1.18.0/STM32CubeIDE/plugins/com.st.stm32cube.ide.mcu.externaltools.gnu-tools-for-stm32.13.3.rel1.win32_1.0.0.202411081344/tools/bin/../lib/gcc/arm-none-eabi/13.3.1/../../../../arm-none-eabi/lib/thumb/v6-m/nofp\libm.a
END GROUP
START GROUP
LOAD C:/ST/STM32CubeIDE_1.18.0/STM32CubeIDE/plugins/com.st.stm32cube.ide.mcu.externaltools.gnu-tools-for-stm32.13.3.rel1.win32_1.0.0.202411081344/tools/bin/../lib/gcc/arm-none-eabi/13.3.1/thumb/v6-m/nofp\libgcc.a
LOAD C:/ST/STM32CubeIDE_1.18.0/STM32CubeIDE/plugins/com.st.stm32cube.ide.mcu.externaltools.gnu-tools-for-stm32.13.3.rel1.win32_1.0.0.202411081344/tools/bin/../lib/gcc/arm-none-eabi/13.3.1/../../../../arm-none-eabi/lib/thumb/v6-m/nofp\libc_nano.a
END GROUP
START GROUP
LOAD C:/ST/STM32CubeIDE_1.18.0/STM32CubeIDE/plugins/com.st.stm32cube.ide.mcu.externaltools.gnu-tools-for-stm32.13.3.rel1.win32_1.0.0.202411081344/tools/bin/../lib/gcc/arm-none-eabi/13.3.1/thumb/v6-m/nofp\libgcc.a
LOAD C:/ST/STM32CubeIDE_1.18.0/STM32CubeIDE/plugins/com.st.stm32cube.ide.mcu.externaltools.gnu-tools-for-stm32.13.3.rel1.win32_1.0.0.202411081344/tools/bin/../lib/gcc/arm-none-eabi/13.3.1/../../../../arm-none-eabi/lib/thumb/v6-m/nofp\libc_nano.a
LOAD C:/ST/STM32CubeIDE_1.18.0/STM32CubeIDE/plugins/com.st.stm32cube.ide.mcu.externaltools.gnu-tools-for-stm32.13.3.rel1.win32_1.0.0.202411081344/tools/bin/../lib/gcc/arm-none-eabi/13.3.1/../../../../arm-none-eabi/lib/thumb/v6-m/nofp\libnosys.a
END GROUP
START GROUP
LOAD C:/ST/STM32CubeIDE_1.18.0/STM32CubeIDE/plugins/com.st.stm32cube.ide.mcu.externaltools.gnu-tools-for-stm32.13.3.rel1.win32_1.0.0.202411081344/tools/bin/../lib/gcc/arm-none-eabi/13.3.1/thumb/v6-m/nofp\libgcc.a
LOAD C:/ST/STM32CubeIDE_1.18.0/STM32CubeIDE/plugins/com.st.stm32cube.ide.mcu.externaltools.gnu-tools-for-stm32.13.3.rel1.win32_1.0.0.202411081344/tools/bin/../lib/gcc/arm-none-eabi/13.3.1/../../../../arm-none-eabi/lib/thumb/v6-m/nofp\libc_nano.a
LOAD C:/ST/STM32CubeIDE_1.18.0/STM32CubeIDE/plugins/com.st.stm32cube.ide.mcu.externaltools.gnu-tools-for-stm32.13.3.rel1.win32_1.0.0.202411081344/tools/bin/../lib/gcc/arm-none-eabi/13.3.1/../../../../arm-none-eabi/lib/thumb/v6-m/nofp\libnosys.a
END GROUP
LOAD C:/ST/STM32CubeIDE_1.18.0/STM32CubeIDE/plugins/com.st.stm32cube.ide.mcu.externaltools.gnu-tools-for-stm32.13.3.rel1.win32_1.0.0.202411081344/tools/bin/../lib/gcc/arm-none-eabi/13.3.1/thumb/v6-m/nofp/crtend.o
LOAD C:/ST/STM32CubeIDE_1.18.0/STM32CubeIDE/plugins/com.st.stm32cube.ide.mcu.externaltools.gnu-tools-for-stm32.13.3.rel1.win32_1.0.0.202411081344/tools/bin/../lib/gcc/arm-none-eabi/13.3.1/thumb/v6-m/nofp/crtn.o
                0x20001800                        _estack = (ORIGIN (RAM) + LENGTH (RAM))
                0x00000200                        _Min_Heap_Size = 0x200
                0x00000400                        _Min_Stack_Size = 0x400

.isr_vector     0x08000000       0xc0
                0x08000000                        . = ALIGN (0x4)
 *(.isr_vector)
 .isr_vector    0x08000000       0xc0 ./Core/Startup/startup_stm32f070f6px.o
                0x08000000                g_pfnVectors
                0x080000c0                        . = ALIGN (0x4)

.text           0x080000c0     0x4498
                0x080000c0                        . = ALIGN (0x4)
 *(.text)
 .text          0x080000c0       0x48 C:/ST/STM32CubeIDE_1.18.0/STM32CubeIDE/plugins/com.st.stm32cube.ide.mcu.externaltools.gnu-tools-for-stm32.13.3.rel1.win32_1.0.0.202411081344/tools/bin/../lib/gcc/arm-none-eabi/13.3.1/thumb/v6-m/nofp/crtbegin.o
 .text          0x08000108      0x114 C:/ST/STM32CubeIDE_1.18.0/STM32CubeIDE/plugins/com.st.stm32cube.ide.mcu.externaltools.gnu-tools-for-stm32.13.3.rel1.win32_1.0.0.202411081344/tools/bin/../lib/gcc/arm-none-eabi/13.3.1/thumb/v6-m/nofp\libgcc.a(_udivsi3.o)
                0x08000108                __aeabi_uidiv
                0x08000108                __udivsi3
                0x08000214                __aeabi_uidivmod
 .text          0x0800021c        0x4 C:/ST/STM32CubeIDE_1.18.0/STM32CubeIDE/plugins/com.st.stm32cube.ide.mcu.externaltools.gnu-tools-for-stm32.13.3.rel1.win32_1.0.0.202411081344/tools/bin/../lib/gcc/arm-none-eabi/13.3.1/thumb/v6-m/nofp\libgcc.a(_dvmd_tls.o)
                0x0800021c                __aeabi_idiv0
                0x0800021c                __aeabi_ldiv0
 *(.text*)
 .text.MX_GPIO_Init
                0x08000220       0x60 ./Core/Src/main.o
 .text.rxcb     0x08000280       0x2c ./Core/Src/main.o
                0x08000280                rxcb
 .text.Error_Handler
                0x080002ac        0x4 ./Core/Src/main.o
                0x080002ac                Error_Handler
 .text.MX_USART2_UART_Init
                0x080002b0       0x38 ./Core/Src/main.o
 .text.SystemClock_Config
                0x080002e8       0x82 ./Core/Src/main.o
                0x080002e8                SystemClock_Config
 *fill*         0x0800036a        0x2 
 .text.main     0x0800036c       0x50 ./Core/Src/main.o
                0x0800036c                main
 .text.HAL_MspInit
                0x080003bc       0x3c ./Core/Src/stm32f0xx_hal_msp.o
                0x080003bc                HAL_MspInit
 .text.HAL_UART_MspInit
                0x080003f8       0x64 ./Core/Src/stm32f0xx_hal_msp.o
                0x080003f8                HAL_UART_MspInit
 .text.NMI_Handler
                0x0800045c        0x2 ./Core/Src/stm32f0xx_it.o
                0x0800045c                NMI_Handler
 .text.HardFault_Handler
                0x0800045e        0x2 ./Core/Src/stm32f0xx_it.o
                0x0800045e                HardFault_Handler
 .text.SVC_Handler
                0x08000460        0x2 ./Core/Src/stm32f0xx_it.o
                0x08000460                SVC_Handler
 .text.PendSV_Handler
                0x08000462        0x2 ./Core/Src/stm32f0xx_it.o
                0x08000462                PendSV_Handler
 .text.SysTick_Handler
                0x08000464        0x8 ./Core/Src/stm32f0xx_it.o
                0x08000464                SysTick_Handler
 .text.USB_IRQHandler
                0x0800046c       0x10 ./Core/Src/stm32f0xx_it.o
                0x0800046c                USB_IRQHandler
 .text.SystemInit
                0x0800047c        0x2 ./Core/Src/system_stm32f0xx.o
                0x0800047c                SystemInit
 *fill*         0x0800047e        0x2 
 .text.Reset_Handler
                0x08000480       0x80 ./Core/Startup/startup_stm32f070f6px.o
                0x08000480                Reset_Handler
 .text.Default_Handler
                0x08000500        0x2 ./Core/Startup/startup_stm32f070f6px.o
                0x08000500                TIM1_CC_IRQHandler
                0x08000500                I2C1_IRQHandler
                0x08000500                SPI1_IRQHandler
                0x08000500                EXTI2_3_IRQHandler
                0x08000500                ADC1_IRQHandler
                0x08000500                TIM17_IRQHandler
                0x08000500                RTC_IRQHandler
                0x08000500                TIM16_IRQHandler
                0x08000500                TIM3_IRQHandler
                0x08000500                EXTI4_15_IRQHandler
                0x08000500                RCC_IRQHandler
                0x08000500                DMA1_Channel1_IRQHandler
                0x08000500                Default_Handler
                0x08000500                TIM14_IRQHandler
                0x08000500                DMA1_Channel4_5_IRQHandler
                0x08000500                EXTI0_1_IRQHandler
                0x08000500                WWDG_IRQHandler
                0x08000500                DMA1_Channel2_3_IRQHandler
                0x08000500                USART2_IRQHandler
                0x08000500                FLASH_IRQHandler
                0x08000500                USART1_IRQHandler
                0x08000500                TIM1_BRK_UP_TRG_COM_IRQHandler
 *fill*         0x08000502        0x2 
 .text.HAL_InitTick
                0x08000504       0x50 ./Drivers/STM32F0xx_HAL_Driver/Src/stm32f0xx_hal.o
                0x08000504                HAL_InitTick
 .text.HAL_Init
                0x08000554       0x20 ./Drivers/STM32F0xx_HAL_Driver/Src/stm32f0xx_hal.o
                0x08000554                HAL_Init
 .text.HAL_IncTick
                0x08000574       0x18 ./Drivers/STM32F0xx_HAL_Driver/Src/stm32f0xx_hal.o
                0x08000574                HAL_IncTick
 .text.HAL_GetTick
                0x0800058c        0xc ./Drivers/STM32F0xx_HAL_Driver/Src/stm32f0xx_hal.o
                0x0800058c                HAL_GetTick
 .text.__NVIC_SetPriority
                0x08000598       0x60 ./Drivers/STM32F0xx_HAL_Driver/Src/stm32f0xx_hal_cortex.o
 .text.SysTick_Config
                0x080005f8       0x38 ./Drivers/STM32F0xx_HAL_Driver/Src/stm32f0xx_hal_cortex.o
 .text.HAL_NVIC_SetPriority
                0x08000630        0x8 ./Drivers/STM32F0xx_HAL_Driver/Src/stm32f0xx_hal_cortex.o
                0x08000630                HAL_NVIC_SetPriority
 .text.HAL_NVIC_EnableIRQ
                0x08000638       0x18 ./Drivers/STM32F0xx_HAL_Driver/Src/stm32f0xx_hal_cortex.o
                0x08000638                HAL_NVIC_EnableIRQ
 .text.HAL_SYSTICK_Config
                0x08000650        0x8 ./Drivers/STM32F0xx_HAL_Driver/Src/stm32f0xx_hal_cortex.o
                0x08000650                HAL_SYSTICK_Config
 .text.HAL_GPIO_Init
                0x08000658      0x188 ./Drivers/STM32F0xx_HAL_Driver/Src/stm32f0xx_hal_gpio.o
                0x08000658                HAL_GPIO_Init
 .text.HAL_GPIO_WritePin
                0x080007e0        0xc ./Drivers/STM32F0xx_HAL_Driver/Src/stm32f0xx_hal_gpio.o
                0x080007e0                HAL_GPIO_WritePin
 .text.HAL_PCD_EP_DB_Receive
                0x080007ec      0x110 ./Drivers/STM32F0xx_HAL_Driver/Src/stm32f0xx_hal_pcd.o
 .text.HAL_PCD_Init
                0x080008fc       0xc0 ./Drivers/STM32F0xx_HAL_Driver/Src/stm32f0xx_hal_pcd.o
                0x080008fc                HAL_PCD_Init
 .text.HAL_PCD_Start
                0x080009bc       0x2e ./Drivers/STM32F0xx_HAL_Driver/Src/stm32f0xx_hal_pcd.o
                0x080009bc                HAL_PCD_Start
 *fill*         0x080009ea        0x2 
 .text.HAL_PCD_EP_DB_Transmit
                0x080009ec      0x3d8 ./Drivers/STM32F0xx_HAL_Driver/Src/stm32f0xx_hal_pcd.o
 .text.PCD_EP_ISR_Handler
                0x08000dc4      0x560 ./Drivers/STM32F0xx_HAL_Driver/Src/stm32f0xx_hal_pcd.o
 .text.HAL_PCD_SetAddress
                0x08001324       0x2a ./Drivers/STM32F0xx_HAL_Driver/Src/stm32f0xx_hal_pcd.o
                0x08001324                HAL_PCD_SetAddress
 *fill*         0x0800134e        0x2 
 .text.HAL_PCD_IRQHandler
                0x08001350      0x180 ./Drivers/STM32F0xx_HAL_Driver/Src/stm32f0xx_hal_pcd.o
                0x08001350                HAL_PCD_IRQHandler
 .text.HAL_PCD_EP_Open
                0x080014d0       0x7c ./Drivers/STM32F0xx_HAL_Driver/Src/stm32f0xx_hal_pcd.o
                0x080014d0                HAL_PCD_EP_Open
 .text.HAL_PCD_EP_Close
                0x0800154c       0x6e ./Drivers/STM32F0xx_HAL_Driver/Src/stm32f0xx_hal_pcd.o
                0x0800154c                HAL_PCD_EP_Close
 .text.HAL_PCD_EP_Receive
                0x080015ba       0x4a ./Drivers/STM32F0xx_HAL_Driver/Src/stm32f0xx_hal_pcd.o
                0x080015ba                HAL_PCD_EP_Receive
 .text.HAL_PCD_EP_GetRxCount
                0x08001604       0x14 ./Drivers/STM32F0xx_HAL_Driver/Src/stm32f0xx_hal_pcd.o
                0x08001604                HAL_PCD_EP_GetRxCount
 .text.HAL_PCD_EP_Transmit
                0x08001618       0x66 ./Drivers/STM32F0xx_HAL_Driver/Src/stm32f0xx_hal_pcd.o
                0x08001618                HAL_PCD_EP_Transmit
 .text.HAL_PCD_EP_SetStall
                0x0800167e       0x74 ./Drivers/STM32F0xx_HAL_Driver/Src/stm32f0xx_hal_pcd.o
                0x0800167e                HAL_PCD_EP_SetStall
 .text.HAL_PCD_EP_ClrStall
                0x080016f2       0x80 ./Drivers/STM32F0xx_HAL_Driver/Src/stm32f0xx_hal_pcd.o
                0x080016f2                HAL_PCD_EP_ClrStall
 .text.HAL_PCDEx_PMAConfig
                0x08001772       0x3a ./Drivers/STM32F0xx_HAL_Driver/Src/stm32f0xx_hal_pcd_ex.o
                0x08001772                HAL_PCDEx_PMAConfig
 .text.HAL_PCDEx_ActivateLPM
                0x080017ac       0x2a ./Drivers/STM32F0xx_HAL_Driver/Src/stm32f0xx_hal_pcd_ex.o
                0x080017ac                HAL_PCDEx_ActivateLPM
 .text.HAL_PCDEx_LPM_Callback
                0x080017d6        0x2 ./Drivers/STM32F0xx_HAL_Driver/Src/stm32f0xx_hal_pcd_ex.o
                0x080017d6                HAL_PCDEx_LPM_Callback
 .text.HAL_RCC_OscConfig
                0x080017d8      0x4b0 ./Drivers/STM32F0xx_HAL_Driver/Src/stm32f0xx_hal_rcc.o
                0x080017d8                HAL_RCC_OscConfig
 .text.HAL_RCC_GetSysClockFreq
                0x08001c88       0x64 ./Drivers/STM32F0xx_HAL_Driver/Src/stm32f0xx_hal_rcc.o
                0x08001c88                HAL_RCC_GetSysClockFreq
 .text.HAL_RCC_ClockConfig
                0x08001cec      0x134 ./Drivers/STM32F0xx_HAL_Driver/Src/stm32f0xx_hal_rcc.o
                0x08001cec                HAL_RCC_ClockConfig
 .text.HAL_RCC_GetHCLKFreq
                0x08001e20        0xc ./Drivers/STM32F0xx_HAL_Driver/Src/stm32f0xx_hal_rcc.o
                0x08001e20                HAL_RCC_GetHCLKFreq
 .text.HAL_RCC_GetPCLK1Freq
                0x08001e2c       0x20 ./Drivers/STM32F0xx_HAL_Driver/Src/stm32f0xx_hal_rcc.o
                0x08001e2c                HAL_RCC_GetPCLK1Freq
 .text.HAL_RCCEx_PeriphCLKConfig
                0x08001e4c      0x134 ./Drivers/STM32F0xx_HAL_Driver/Src/stm32f0xx_hal_rcc_ex.o
                0x08001e4c                HAL_RCCEx_PeriphCLKConfig
 .text.UART_EndRxTransfer
                0x08001f80       0x60 ./Drivers/STM32F0xx_HAL_Driver/Src/stm32f0xx_hal_uart.o
 .text.UART_SetConfig
                0x08001fe0      0x170 ./Drivers/STM32F0xx_HAL_Driver/Src/stm32f0xx_hal_uart.o
                0x08001fe0                UART_SetConfig
 .text.UART_AdvFeatureConfig
                0x08002150       0xe0 ./Drivers/STM32F0xx_HAL_Driver/Src/stm32f0xx_hal_uart.o
                0x08002150                UART_AdvFeatureConfig
 .text.UART_WaitOnFlagUntilTimeout
                0x08002230       0x9e ./Drivers/STM32F0xx_HAL_Driver/Src/stm32f0xx_hal_uart.o
                0x08002230                UART_WaitOnFlagUntilTimeout
 *fill*         0x080022ce        0x2 
 .text.UART_CheckIdleState
                0x080022d0       0xd0 ./Drivers/STM32F0xx_HAL_Driver/Src/stm32f0xx_hal_uart.o
                0x080022d0                UART_CheckIdleState
 .text.HAL_UART_Init
                0x080023a0       0x6c ./Drivers/STM32F0xx_HAL_Driver/Src/stm32f0xx_hal_uart.o
                0x080023a0                HAL_UART_Init
 .text.USB_EnableGlobalInt
                0x0800240c       0x14 ./Drivers/STM32F0xx_HAL_Driver/Src/stm32f0xx_ll_usb.o
                0x0800240c                USB_EnableGlobalInt
 .text.USB_DisableGlobalInt
                0x08002420       0x14 ./Drivers/STM32F0xx_HAL_Driver/Src/stm32f0xx_ll_usb.o
                0x08002420                USB_DisableGlobalInt
 .text.USB_DevInit
                0x08002434       0x1e ./Drivers/STM32F0xx_HAL_Driver/Src/stm32f0xx_ll_usb.o
                0x08002434                USB_DevInit
 *fill*         0x08002452        0x2 
 .text.USB_ActivateEndpoint
                0x08002454      0x324 ./Drivers/STM32F0xx_HAL_Driver/Src/stm32f0xx_ll_usb.o
                0x08002454                USB_ActivateEndpoint
 .text.USB_DeactivateEndpoint
                0x08002778      0x170 ./Drivers/STM32F0xx_HAL_Driver/Src/stm32f0xx_ll_usb.o
                0x08002778                USB_DeactivateEndpoint
 .text.USB_EPSetStall
                0x080028e8       0x4c ./Drivers/STM32F0xx_HAL_Driver/Src/stm32f0xx_ll_usb.o
                0x080028e8                USB_EPSetStall
 .text.USB_EPClearStall
                0x08002934       0x9c ./Drivers/STM32F0xx_HAL_Driver/Src/stm32f0xx_ll_usb.o
                0x08002934                USB_EPClearStall
 .text.USB_SetDevAddress
                0x080029d0        0xe ./Drivers/STM32F0xx_HAL_Driver/Src/stm32f0xx_ll_usb.o
                0x080029d0                USB_SetDevAddress
 *fill*         0x080029de        0x2 
 .text.USB_DevConnect
                0x080029e0       0x14 ./Drivers/STM32F0xx_HAL_Driver/Src/stm32f0xx_ll_usb.o
                0x080029e0                USB_DevConnect
 .text.USB_ReadInterrupts
                0x080029f4        0x8 ./Drivers/STM32F0xx_HAL_Driver/Src/stm32f0xx_ll_usb.o
                0x080029f4                USB_ReadInterrupts
 .text.USB_WritePMA
                0x080029fc       0x28 ./Drivers/STM32F0xx_HAL_Driver/Src/stm32f0xx_ll_usb.o
                0x080029fc                USB_WritePMA
 .text.USB_EPStartXfer
                0x08002a24      0x734 ./Drivers/STM32F0xx_HAL_Driver/Src/stm32f0xx_ll_usb.o
                0x08002a24                USB_EPStartXfer
 .text.USB_ReadPMA
                0x08003158       0x2c ./Drivers/STM32F0xx_HAL_Driver/Src/stm32f0xx_ll_usb.o
                0x08003158                USB_ReadPMA
 .text.USBD_CDC_EP0_RxReady
                0x08003184       0x34 ./Middlewares/ST/STM32_USB_Device_Library/Class/CDC/Src/usbd_cdc.o
 .text.USBD_CDC_GetFSCfgDesc
                0x080031b8        0xc ./Middlewares/ST/STM32_USB_Device_Library/Class/CDC/Src/usbd_cdc.o
 .text.USBD_CDC_GetHSCfgDesc
                0x080031c4        0xc ./Middlewares/ST/STM32_USB_Device_Library/Class/CDC/Src/usbd_cdc.o
 .text.USBD_CDC_GetOtherSpeedCfgDesc
                0x080031d0        0xc ./Middlewares/ST/STM32_USB_Device_Library/Class/CDC/Src/usbd_cdc.o
 .text.USBD_CDC_GetDeviceQualifierDescriptor
                0x080031dc        0xc ./Middlewares/ST/STM32_USB_Device_Library/Class/CDC/Src/usbd_cdc.o
                0x080031dc                USBD_CDC_GetDeviceQualifierDescriptor
 .text.USBD_CDC_DataOut
                0x080031e8       0x36 ./Middlewares/ST/STM32_USB_Device_Library/Class/CDC/Src/usbd_cdc.o
 .text.USBD_CDC_DataIn
                0x0800321e       0x5c ./Middlewares/ST/STM32_USB_Device_Library/Class/CDC/Src/usbd_cdc.o
 *fill*         0x0800327a        0x2 
 .text.USBD_CDC_Setup
                0x0800327c       0xf0 ./Middlewares/ST/STM32_USB_Device_Library/Class/CDC/Src/usbd_cdc.o
 .text.USBD_CDC_DeInit
                0x0800336c       0x4c ./Middlewares/ST/STM32_USB_Device_Library/Class/CDC/Src/usbd_cdc.o
 .text.USBD_CDC_Init
                0x080033b8       0xbc ./Middlewares/ST/STM32_USB_Device_Library/Class/CDC/Src/usbd_cdc.o
 .text.USBD_CDC_RegisterInterface
                0x08003474       0x12 ./Middlewares/ST/STM32_USB_Device_Library/Class/CDC/Src/usbd_cdc.o
                0x08003474                USBD_CDC_RegisterInterface
 .text.USBD_CDC_SetTxBuffer
                0x08003486       0x16 ./Middlewares/ST/STM32_USB_Device_Library/Class/CDC/Src/usbd_cdc.o
                0x08003486                USBD_CDC_SetTxBuffer
 .text.USBD_CDC_SetRxBuffer
                0x0800349c        0xe ./Middlewares/ST/STM32_USB_Device_Library/Class/CDC/Src/usbd_cdc.o
                0x0800349c                USBD_CDC_SetRxBuffer
 .text.USBD_CDC_TransmitPacket
                0x080034aa       0x3e ./Middlewares/ST/STM32_USB_Device_Library/Class/CDC/Src/usbd_cdc.o
                0x080034aa                USBD_CDC_TransmitPacket
 .text.USBD_CDC_ReceivePacket
                0x080034e8       0x3c ./Middlewares/ST/STM32_USB_Device_Library/Class/CDC/Src/usbd_cdc.o
                0x080034e8                USBD_CDC_ReceivePacket
 .text.USBD_Init
                0x08003524       0x38 ./Middlewares/ST/STM32_USB_Device_Library/Core/Src/usbd_core.o
                0x08003524                USBD_Init
 .text.USBD_RegisterClass
                0x0800355c       0x12 ./Middlewares/ST/STM32_USB_Device_Library/Core/Src/usbd_core.o
                0x0800355c                USBD_RegisterClass
 .text.USBD_Start
                0x0800356e        0xa ./Middlewares/ST/STM32_USB_Device_Library/Core/Src/usbd_core.o
                0x0800356e                USBD_Start
 .text.USBD_SetClassConfig
                0x08003578       0x1e ./Middlewares/ST/STM32_USB_Device_Library/Core/Src/usbd_core.o
                0x08003578                USBD_SetClassConfig
 .text.USBD_ClrClassConfig
                0x08003596       0x10 ./Middlewares/ST/STM32_USB_Device_Library/Core/Src/usbd_core.o
                0x08003596                USBD_ClrClassConfig
 *fill*         0x080035a6        0x2 
 .text.USBD_LL_SetupStage
                0x080035a8       0x64 ./Middlewares/ST/STM32_USB_Device_Library/Core/Src/usbd_core.o
                0x080035a8                USBD_LL_SetupStage
 .text.USBD_LL_DataOutStage
                0x0800360c       0xa4 ./Middlewares/ST/STM32_USB_Device_Library/Core/Src/usbd_core.o
                0x0800360c                USBD_LL_DataOutStage
 .text.USBD_LL_DataInStage
                0x080036b0       0xea ./Middlewares/ST/STM32_USB_Device_Library/Core/Src/usbd_core.o
                0x080036b0                USBD_LL_DataInStage
 .text.USBD_LL_Reset
                0x0800379a       0x5e ./Middlewares/ST/STM32_USB_Device_Library/Core/Src/usbd_core.o
                0x0800379a                USBD_LL_Reset
 .text.USBD_LL_SetSpeed
                0x080037f8        0x6 ./Middlewares/ST/STM32_USB_Device_Library/Core/Src/usbd_core.o
                0x080037f8                USBD_LL_SetSpeed
 *fill*         0x080037fe        0x2 
 .text.USBD_LL_Suspend
                0x08003800       0x18 ./Middlewares/ST/STM32_USB_Device_Library/Core/Src/usbd_core.o
                0x08003800                USBD_LL_Suspend
 .text.USBD_LL_Resume
                0x08003818       0x1c ./Middlewares/ST/STM32_USB_Device_Library/Core/Src/usbd_core.o
                0x08003818                USBD_LL_Resume
 .text.USBD_LL_SOF
                0x08003834       0x20 ./Middlewares/ST/STM32_USB_Device_Library/Core/Src/usbd_core.o
                0x08003834                USBD_LL_SOF
 .text.USBD_GetLen
                0x08003854       0x14 ./Middlewares/ST/STM32_USB_Device_Library/Core/Src/usbd_ctlreq.o
 .text.USBD_SetFeature
                0x08003868       0x18 ./Middlewares/ST/STM32_USB_Device_Library/Core/Src/usbd_ctlreq.o
 .text.USBD_ParseSetupRequest
                0x08003880       0x28 ./Middlewares/ST/STM32_USB_Device_Library/Core/Src/usbd_ctlreq.o
                0x08003880                USBD_ParseSetupRequest
 .text.USBD_CtlError
                0x080038a8       0x14 ./Middlewares/ST/STM32_USB_Device_Library/Core/Src/usbd_ctlreq.o
                0x080038a8                USBD_CtlError
 .text.USBD_GetDescriptor
                0x080038bc      0x1b8 ./Middlewares/ST/STM32_USB_Device_Library/Core/Src/usbd_ctlreq.o
 .text.USBD_SetAddress
                0x08003a74       0x60 ./Middlewares/ST/STM32_USB_Device_Library/Core/Src/usbd_ctlreq.o
 .text.USBD_SetConfig
                0x08003ad4       0xb8 ./Middlewares/ST/STM32_USB_Device_Library/Core/Src/usbd_ctlreq.o
 .text.USBD_GetConfig
                0x08003b8c       0x40 ./Middlewares/ST/STM32_USB_Device_Library/Core/Src/usbd_ctlreq.o
 .text.USBD_GetStatus
                0x08003bcc       0x3e ./Middlewares/ST/STM32_USB_Device_Library/Core/Src/usbd_ctlreq.o
 .text.USBD_ClrFeature
                0x08003c0a       0x2a ./Middlewares/ST/STM32_USB_Device_Library/Core/Src/usbd_ctlreq.o
 .text.USBD_StdDevReq
                0x08003c34       0x6c ./Middlewares/ST/STM32_USB_Device_Library/Core/Src/usbd_ctlreq.o
                0x08003c34                USBD_StdDevReq
 .text.USBD_StdItfReq
                0x08003ca0       0x66 ./Middlewares/ST/STM32_USB_Device_Library/Core/Src/usbd_ctlreq.o
                0x08003ca0                USBD_StdItfReq
 .text.USBD_StdEPReq
                0x08003d06      0x210 ./Middlewares/ST/STM32_USB_Device_Library/Core/Src/usbd_ctlreq.o
                0x08003d06                USBD_StdEPReq
 .text.USBD_GetString
                0x08003f16       0x3c ./Middlewares/ST/STM32_USB_Device_Library/Core/Src/usbd_ctlreq.o
                0x08003f16                USBD_GetString
 .text.USBD_CtlSendData
                0x08003f52       0x1c ./Middlewares/ST/STM32_USB_Device_Library/Core/Src/usbd_ioreq.o
                0x08003f52                USBD_CtlSendData
 .text.USBD_CtlContinueSendData
                0x08003f6e       0x10 ./Middlewares/ST/STM32_USB_Device_Library/Core/Src/usbd_ioreq.o
                0x08003f6e                USBD_CtlContinueSendData
 .text.USBD_CtlPrepareRx
                0x08003f7e       0x22 ./Middlewares/ST/STM32_USB_Device_Library/Core/Src/usbd_ioreq.o
                0x08003f7e                USBD_CtlPrepareRx
 .text.USBD_CtlContinueRx
                0x08003fa0       0x10 ./Middlewares/ST/STM32_USB_Device_Library/Core/Src/usbd_ioreq.o
                0x08003fa0                USBD_CtlContinueRx
 .text.USBD_CtlSendStatus
                0x08003fb0       0x18 ./Middlewares/ST/STM32_USB_Device_Library/Core/Src/usbd_ioreq.o
                0x08003fb0                USBD_CtlSendStatus
 .text.USBD_CtlReceiveStatus
                0x08003fc8       0x18 ./Middlewares/ST/STM32_USB_Device_Library/Core/Src/usbd_ioreq.o
                0x08003fc8                USBD_CtlReceiveStatus
 .text.MX_USB_DEVICE_Init
                0x08003fe0       0x5c ./USB_DEVICE/App/usb_device.o
                0x08003fe0                MX_USB_DEVICE_Init
 .text.CDC_DeInit_FS
                0x0800403c        0x4 ./USB_DEVICE/App/usbd_cdc_if.o
 .text.CDC_Control_FS
                0x08004040       0x58 ./USB_DEVICE/App/usbd_cdc_if.o
 .text.CDC_Receive_FS
                0x08004098       0x20 ./USB_DEVICE/App/usbd_cdc_if.o
 .text.CDC_Init_FS
                0x080040b8       0x28 ./USB_DEVICE/App/usbd_cdc_if.o
 .text.CDC_Transmit_FS
                0x080040e0       0x30 ./USB_DEVICE/App/usbd_cdc_if.o
                0x080040e0                CDC_Transmit_FS
 .text.USBD_FS_DeviceDescriptor
                0x08004110        0xc ./USB_DEVICE/App/usbd_desc.o
                0x08004110                USBD_FS_DeviceDescriptor
 .text.USBD_FS_LangIDStrDescriptor
                0x0800411c        0xc ./USB_DEVICE/App/usbd_desc.o
                0x0800411c                USBD_FS_LangIDStrDescriptor
 .text.IntToUnicode
                0x08004128       0x30 ./USB_DEVICE/App/usbd_desc.o
 .text.Get_SerialNum
                0x08004158       0x40 ./USB_DEVICE/App/usbd_desc.o
 .text.USBD_FS_SerialStrDescriptor
                0x08004198       0x14 ./USB_DEVICE/App/usbd_desc.o
                0x08004198                USBD_FS_SerialStrDescriptor
 .text.USBD_FS_ProductStrDescriptor
                0x080041ac       0x28 ./USB_DEVICE/App/usbd_desc.o
                0x080041ac                USBD_FS_ProductStrDescriptor
 .text.USBD_FS_ManufacturerStrDescriptor
                0x080041d4       0x1c ./USB_DEVICE/App/usbd_desc.o
                0x080041d4                USBD_FS_ManufacturerStrDescriptor
 .text.USBD_FS_ConfigStrDescriptor
                0x080041f0       0x28 ./USB_DEVICE/App/usbd_desc.o
                0x080041f0                USBD_FS_ConfigStrDescriptor
 .text.USBD_FS_InterfaceStrDescriptor
                0x08004218       0x28 ./USB_DEVICE/App/usbd_desc.o
                0x08004218                USBD_FS_InterfaceStrDescriptor
 .text.USBD_Get_USB_Status
                0x08004240       0x16 ./USB_DEVICE/Target/usbd_conf.o
 .text.SystemClockConfig_Resume
                0x08004256        0x8 ./USB_DEVICE/Target/usbd_conf.o
 *fill*         0x0800425e        0x2 
 .text.HAL_PCD_MspInit
                0x08004260       0x40 ./USB_DEVICE/Target/usbd_conf.o
                0x08004260                HAL_PCD_MspInit
 .text.HAL_PCD_SetupStageCallback
                0x080042a0       0x16 ./USB_DEVICE/Target/usbd_conf.o
                0x080042a0                HAL_PCD_SetupStageCallback
 .text.HAL_PCD_DataOutStageCallback
                0x080042b6       0x1e ./USB_DEVICE/Target/usbd_conf.o
                0x080042b6                HAL_PCD_DataOutStageCallback
 .text.HAL_PCD_DataInStageCallback
                0x080042d4       0x1a ./USB_DEVICE/Target/usbd_conf.o
                0x080042d4                HAL_PCD_DataInStageCallback
 .text.HAL_PCD_SOFCallback
                0x080042ee        0xe ./USB_DEVICE/Target/usbd_conf.o
                0x080042ee                HAL_PCD_SOFCallback
 .text.HAL_PCD_ResetCallback
                0x080042fc       0x24 ./USB_DEVICE/Target/usbd_conf.o
                0x080042fc                HAL_PCD_ResetCallback
 .text.HAL_PCD_SuspendCallback
                0x08004320       0x24 ./USB_DEVICE/Target/usbd_conf.o
                0x08004320                HAL_PCD_SuspendCallback
 .text.HAL_PCD_ResumeCallback
                0x08004344       0x2c ./USB_DEVICE/Target/usbd_conf.o
                0x08004344                HAL_PCD_ResumeCallback
 .text.USBD_LL_Init
                0x08004370       0x84 ./USB_DEVICE/Target/usbd_conf.o
                0x08004370                USBD_LL_Init
 .text.USBD_LL_Start
                0x080043f4       0x12 ./USB_DEVICE/Target/usbd_conf.o
                0x080043f4                USBD_LL_Start
 .text.USBD_LL_OpenEP
                0x08004406       0x18 ./USB_DEVICE/Target/usbd_conf.o
                0x08004406                USBD_LL_OpenEP
 .text.USBD_LL_CloseEP
                0x0800441e       0x12 ./USB_DEVICE/Target/usbd_conf.o
                0x0800441e                USBD_LL_CloseEP
 .text.USBD_LL_StallEP
                0x08004430       0x12 ./USB_DEVICE/Target/usbd_conf.o
                0x08004430                USBD_LL_StallEP
 .text.USBD_LL_ClearStallEP
                0x08004442       0x12 ./USB_DEVICE/Target/usbd_conf.o
                0x08004442                USBD_LL_ClearStallEP
 .text.USBD_LL_IsStallEP
                0x08004454       0x30 ./USB_DEVICE/Target/usbd_conf.o
                0x08004454                USBD_LL_IsStallEP
 .text.USBD_LL_SetUSBAddress
                0x08004484       0x12 ./USB_DEVICE/Target/usbd_conf.o
                0x08004484                USBD_LL_SetUSBAddress
 .text.USBD_LL_Transmit
                0x08004496       0x12 ./USB_DEVICE/Target/usbd_conf.o
                0x08004496                USBD_LL_Transmit
 .text.USBD_LL_PrepareReceive
                0x080044a8       0x12 ./USB_DEVICE/Target/usbd_conf.o
                0x080044a8                USBD_LL_PrepareReceive
 .text.USBD_LL_GetRxDataSize
                0x080044ba        0xe ./USB_DEVICE/Target/usbd_conf.o
                0x080044ba                USBD_LL_GetRxDataSize
 .text.USBD_static_malloc
                0x080044c8        0x8 ./USB_DEVICE/Target/usbd_conf.o
                0x080044c8                USBD_static_malloc
 .text.USBD_static_free
                0x080044d0        0x2 ./USB_DEVICE/Target/usbd_conf.o
                0x080044d0                USBD_static_free
 .text.memset   0x080044d2       0x10 C:/ST/STM32CubeIDE_1.18.0/STM32CubeIDE/plugins/com.st.stm32cube.ide.mcu.externaltools.gnu-tools-for-stm32.13.3.rel1.win32_1.0.0.202411081344/tools/bin/../lib/gcc/arm-none-eabi/13.3.1/../../../../arm-none-eabi/lib/thumb/v6-m/nofp\libc_nano.a(libc_a-memset.o)
                0x080044d2                memset
 *fill*         0x080044e2        0x2 
 .text.__libc_init_array
                0x080044e4       0x48 C:/ST/STM32CubeIDE_1.18.0/STM32CubeIDE/plugins/com.st.stm32cube.ide.mcu.externaltools.gnu-tools-for-stm32.13.3.rel1.win32_1.0.0.202411081344/tools/bin/../lib/gcc/arm-none-eabi/13.3.1/../../../../arm-none-eabi/lib/thumb/v6-m/nofp\libc_nano.a(libc_a-init.o)
                0x080044e4                __libc_init_array
 .text.memcpy   0x0800452c       0x12 C:/ST/STM32CubeIDE_1.18.0/STM32CubeIDE/plugins/com.st.stm32cube.ide.mcu.externaltools.gnu-tools-for-stm32.13.3.rel1.win32_1.0.0.202411081344/tools/bin/../lib/gcc/arm-none-eabi/13.3.1/../../../../arm-none-eabi/lib/thumb/v6-m/nofp\libc_nano.a(libc_a-memcpy-stub.o)
                0x0800452c                memcpy
 *(.glue_7)
 .glue_7        0x0800453e        0x0 linker stubs
 *(.glue_7t)
 .glue_7t       0x0800453e        0x0 linker stubs
 *(.eh_frame)
 *fill*         0x0800453e        0x2 
 .eh_frame      0x08004540        0x0 C:/ST/STM32CubeIDE_1.18.0/STM32CubeIDE/plugins/com.st.stm32cube.ide.mcu.externaltools.gnu-tools-for-stm32.13.3.rel1.win32_1.0.0.202411081344/tools/bin/../lib/gcc/arm-none-eabi/13.3.1/thumb/v6-m/nofp/crtbegin.o
 *(.init)
 .init          0x08004540        0x4 C:/ST/STM32CubeIDE_1.18.0/STM32CubeIDE/plugins/com.st.stm32cube.ide.mcu.externaltools.gnu-tools-for-stm32.13.3.rel1.win32_1.0.0.202411081344/tools/bin/../lib/gcc/arm-none-eabi/13.3.1/thumb/v6-m/nofp/crti.o
                0x08004540                _init
 .init          0x08004544        0x8 C:/ST/STM32CubeIDE_1.18.0/STM32CubeIDE/plugins/com.st.stm32cube.ide.mcu.externaltools.gnu-tools-for-stm32.13.3.rel1.win32_1.0.0.202411081344/tools/bin/../lib/gcc/arm-none-eabi/13.3.1/thumb/v6-m/nofp/crtn.o
 *(.fini)
 .fini          0x0800454c        0x4 C:/ST/STM32CubeIDE_1.18.0/STM32CubeIDE/plugins/com.st.stm32cube.ide.mcu.externaltools.gnu-tools-for-stm32.13.3.rel1.win32_1.0.0.202411081344/tools/bin/../lib/gcc/arm-none-eabi/13.3.1/thumb/v6-m/nofp/crti.o
                0x0800454c                _fini
 .fini          0x08004550        0x8 C:/ST/STM32CubeIDE_1.18.0/STM32CubeIDE/plugins/com.st.stm32cube.ide.mcu.externaltools.gnu-tools-for-stm32.13.3.rel1.win32_1.0.0.202411081344/tools/bin/../lib/gcc/arm-none-eabi/13.3.1/thumb/v6-m/nofp/crtn.o
                0x08004558                        . = ALIGN (0x4)
                0x08004558                        _etext = .

.vfp11_veneer   0x08004558        0x0
 .vfp11_veneer  0x08004558        0x0 linker stubs

.v4_bx          0x08004558        0x0
 .v4_bx         0x08004558        0x0 linker stubs

.iplt           0x08004558        0x0
 .iplt          0x08004558        0x0 C:/ST/STM32CubeIDE_1.18.0/STM32CubeIDE/plugins/com.st.stm32cube.ide.mcu.externaltools.gnu-tools-for-stm32.13.3.rel1.win32_1.0.0.202411081344/tools/bin/../lib/gcc/arm-none-eabi/13.3.1/thumb/v6-m/nofp/crtbegin.o

.rodata         0x08004558       0xf0
                0x08004558                        . = ALIGN (0x4)
 *(.rodata)
 *(.rodata*)
 .rodata.main.str1.4
                0x08004558       0x56 ./Core/Src/main.o
                                  0xe (size before relaxing)
 *fill*         0x080045ae        0x2 
 .rodata.APBPrescTable
                0x080045b0        0x8 ./Core/Src/system_stm32f0xx.o
                0x080045b0                APBPrescTable
 .rodata.AHBPrescTable
                0x080045b8       0x10 ./Core/Src/system_stm32f0xx.o
                0x080045b8                AHBPrescTable
 .rodata.aPredivFactorTable.0
                0x080045c8       0x10 ./Drivers/STM32F0xx_HAL_Driver/Src/stm32f0xx_hal_rcc.o
 .rodata.aPLLMULFactorTable.1
                0x080045d8       0x10 ./Drivers/STM32F0xx_HAL_Driver/Src/stm32f0xx_hal_rcc.o
 .rodata.USBD_GetDescriptor
                0x080045e8       0x38 ./Middlewares/ST/STM32_USB_Device_Library/Core/Src/usbd_ctlreq.o
 .rodata.USBD_StdDevReq
                0x08004620       0x28 ./Middlewares/ST/STM32_USB_Device_Library/Core/Src/usbd_ctlreq.o
 .rodata.USBD_FS_ProductStrDescriptor.str1.4
                0x08004648       0x16 ./USB_DEVICE/App/usbd_desc.o
 .rodata.USBD_FS_ManufacturerStrDescriptor.str1.4
                0x08004648       0x13 ./USB_DEVICE/App/usbd_desc.o
 .rodata.USBD_FS_ConfigStrDescriptor.str1.4
                0x08004648        0xb ./USB_DEVICE/App/usbd_desc.o
 .rodata.USBD_FS_InterfaceStrDescriptor.str1.4
                0x08004648        0xe ./USB_DEVICE/App/usbd_desc.o
                0x08004660                        . = ALIGN (0x4)

.ARM.extab      0x08004648        0x0
                0x08004648                        . = ALIGN (0x4)
 *(.ARM.extab* .gnu.linkonce.armextab.*)
                0x08004648                        . = ALIGN (0x4)

.ARM            0x08004648        0x0
                0x08004648                        . = ALIGN (0x4)
                0x08004648                        __exidx_start = .
 *(.ARM.exidx*)
                0x08004648                        __exidx_end = .
                0x08004648                        . = ALIGN (0x4)

.preinit_array  0x08004648        0x0
                0x08004648                        . = ALIGN (0x4)
                0x08004648                        PROVIDE (__preinit_array_start = .)
 *(.preinit_array*)
                0x08004648                        PROVIDE (__preinit_array_end = .)
                0x08004648                        . = ALIGN (0x4)

.init_array     0x08004648        0x4
                0x08004648                        . = ALIGN (0x4)
                0x08004648                        PROVIDE (__init_array_start = .)
 *(SORT_BY_NAME(.init_array.*))
 *(.init_array*)
 .init_array    0x08004648        0x4 C:/ST/STM32CubeIDE_1.18.0/STM32CubeIDE/plugins/com.st.stm32cube.ide.mcu.externaltools.gnu-tools-for-stm32.13.3.rel1.win32_1.0.0.202411081344/tools/bin/../lib/gcc/arm-none-eabi/13.3.1/thumb/v6-m/nofp/crtbegin.o
                0x0800464c                        PROVIDE (__init_array_end = .)
                0x0800464c                        . = ALIGN (0x4)

.fini_array     0x0800464c        0x4
                0x0800464c                        . = ALIGN (0x4)
                [!provide]                        PROVIDE (__fini_array_start = .)
 *(SORT_BY_NAME(.fini_array.*))
 *(.fini_array*)
 .fini_array    0x0800464c        0x4 C:/ST/STM32CubeIDE_1.18.0/STM32CubeIDE/plugins/com.st.stm32cube.ide.mcu.externaltools.gnu-tools-for-stm32.13.3.rel1.win32_1.0.0.202411081344/tools/bin/../lib/gcc/arm-none-eabi/13.3.1/thumb/v6-m/nofp/crtbegin.o
                [!provide]                        PROVIDE (__fini_array_end = .)
                0x08004650                        . = ALIGN (0x4)
                0x08004650                        _sidata = LOADADDR (.data)

.rel.dyn        0x08004650        0x0
 .rel.iplt      0x08004650        0x0 C:/ST/STM32CubeIDE_1.18.0/STM32CubeIDE/plugins/com.st.stm32cube.ide.mcu.externaltools.gnu-tools-for-stm32.13.3.rel1.win32_1.0.0.202411081344/tools/bin/../lib/gcc/arm-none-eabi/13.3.1/thumb/v6-m/nofp/crtbegin.o

.data           0x20000000      0x184 load address 0x08004650
                0x20000000                        . = ALIGN (0x4)
                0x20000000                        _sdata = .
 *(.data)
 *(.data*)
 .data.SystemCoreClock
                0x20000000        0x4 ./Core/Src/system_stm32f0xx.o
                0x20000000                SystemCoreClock
 .data.uwTickFreq
                0x20000004        0x1 ./Drivers/STM32F0xx_HAL_Driver/Src/stm32f0xx_hal.o
                0x20000004                uwTickFreq
 *fill*         0x20000005        0x3 
 .data.uwTickPrio
                0x20000008        0x4 ./Drivers/STM32F0xx_HAL_Driver/Src/stm32f0xx_hal.o
                0x20000008                uwTickPrio
 .data.USBD_CDC_OtherSpeedCfgDesc
                0x2000000c       0x43 ./Middlewares/ST/STM32_USB_Device_Library/Class/CDC/Src/usbd_cdc.o
                0x2000000c                USBD_CDC_OtherSpeedCfgDesc
 *fill*         0x2000004f        0x1 
 .data.USBD_CDC_CfgFSDesc
                0x20000050       0x43 ./Middlewares/ST/STM32_USB_Device_Library/Class/CDC/Src/usbd_cdc.o
                0x20000050                USBD_CDC_CfgFSDesc
 *fill*         0x20000093        0x1 
 .data.USBD_CDC_CfgHSDesc
                0x20000094       0x43 ./Middlewares/ST/STM32_USB_Device_Library/Class/CDC/Src/usbd_cdc.o
                0x20000094                USBD_CDC_CfgHSDesc
 *fill*         0x200000d7        0x1 
 .data.USBD_CDC
                0x200000d8       0x38 ./Middlewares/ST/STM32_USB_Device_Library/Class/CDC/Src/usbd_cdc.o
                0x200000d8                USBD_CDC
 .data.USBD_CDC_DeviceQualifierDesc
                0x20000110        0xa ./Middlewares/ST/STM32_USB_Device_Library/Class/CDC/Src/usbd_cdc.o
 *fill*         0x2000011a        0x2 
 .data.USBD_Interface_fops_FS
                0x2000011c       0x10 ./USB_DEVICE/App/usbd_cdc_if.o
                0x2000011c                USBD_Interface_fops_FS
 .data.LineCoding
                0x2000012c        0x8 ./USB_DEVICE/App/usbd_cdc_if.o
                0x2000012c                LineCoding
 .data.USBD_StringSerial
                0x20000134       0x1a ./USB_DEVICE/App/usbd_desc.o
                0x20000134                USBD_StringSerial
 *fill*         0x2000014e        0x2 
 .data.USBD_LangIDDesc
                0x20000150        0x4 ./USB_DEVICE/App/usbd_desc.o
                0x20000150                USBD_LangIDDesc
 .data.USBD_FS_DeviceDesc
                0x20000154       0x12 ./USB_DEVICE/App/usbd_desc.o
                0x20000154                USBD_FS_DeviceDesc
 *fill*         0x20000166        0x2 
 .data.FS_Desc  0x20000168       0x1c ./USB_DEVICE/App/usbd_desc.o
                0x20000168                FS_Desc
 *(.RamFunc)
 *(.RamFunc*)
                0x20000184                        . = ALIGN (0x4)
                0x20000184                        _edata = .

.igot.plt       0x20000184        0x0 load address 0x080047d4
 .igot.plt      0x20000184        0x0 C:/ST/STM32CubeIDE_1.18.0/STM32CubeIDE/plugins/com.st.stm32cube.ide.mcu.externaltools.gnu-tools-for-stm32.13.3.rel1.win32_1.0.0.202411081344/tools/bin/../lib/gcc/arm-none-eabi/13.3.1/thumb/v6-m/nofp/crtbegin.o
                0x20000184                        . = ALIGN (0x4)

.bss            0x20000184      0xe74 load address 0x080047d4
                0x20000184                        _sbss = .
                0x20000184                        __bss_start__ = _sbss
 *(.bss)
 .bss           0x20000184       0x1c C:/ST/STM32CubeIDE_1.18.0/STM32CubeIDE/plugins/com.st.stm32cube.ide.mcu.externaltools.gnu-tools-for-stm32.13.3.rel1.win32_1.0.0.202411081344/tools/bin/../lib/gcc/arm-none-eabi/13.3.1/thumb/v6-m/nofp/crtbegin.o
 *(.bss*)
 .bss.usbRxFlag
                0x200001a0        0x1 ./Core/Src/main.o
                0x200001a0                usbRxFlag
 *fill*         0x200001a1        0x3 
 .bss.usbRxBuf  0x200001a4       0x80 ./Core/Src/main.o
                0x200001a4                usbRxBuf
 .bss.usbRxBufLen
                0x20000224        0x2 ./Core/Src/main.o
                0x20000224                usbRxBufLen
 .bss.usbTxBufLen
                0x20000226        0x2 ./Core/Src/main.o
                0x20000226                usbTxBufLen
 .bss.usbTxBuf  0x20000228       0x80 ./Core/Src/main.o
                0x20000228                usbTxBuf
 .bss.huart2    0x200002a8       0x88 ./Core/Src/main.o
                0x200002a8                huart2
 .bss.uwTick    0x20000330        0x4 ./Drivers/STM32F0xx_HAL_Driver/Src/stm32f0xx_hal.o
                0x20000330                uwTick
 .bss.cfgidx.0  0x20000334        0x1 ./Middlewares/ST/STM32_USB_Device_Library/Core/Src/usbd_ctlreq.o
 *fill*         0x20000335        0x3 
 .bss.hUsbDeviceFS
                0x20000338      0x2c4 ./USB_DEVICE/App/usb_device.o
                0x20000338                hUsbDeviceFS
 .bss.UserTxBufferFS
                0x200005fc      0x200 ./USB_DEVICE/App/usbd_cdc_if.o
                0x200005fc                UserTxBufferFS
 .bss.UserRxBufferFS
                0x200007fc      0x200 ./USB_DEVICE/App/usbd_cdc_if.o
                0x200007fc                UserRxBufferFS
 .bss.USBD_StrDesc
                0x200009fc      0x100 ./USB_DEVICE/App/usbd_desc.o
                0x200009fc                USBD_StrDesc
 .bss.mem.0     0x20000afc      0x220 ./USB_DEVICE/Target/usbd_conf.o
 .bss.hpcd_USB_FS
                0x20000d1c      0x2dc ./USB_DEVICE/Target/usbd_conf.o
                0x20000d1c                hpcd_USB_FS
 *(COMMON)
                0x20000ff8                        . = ALIGN (0x4)
                0x20000ff8                        _ebss = .
                0x20000ff8                        __bss_end__ = _ebss

._user_heap_stack
                0x20000ff8      0x600 load address 0x080047d4
                0x20000ff8                        . = ALIGN (0x8)
                [!provide]                        PROVIDE (end = .)
                0x20000ff8                        PROVIDE (_end = .)
                0x200011f8                        . = (. + _Min_Heap_Size)
 *fill*         0x20000ff8      0x200 
                0x200015f8                        . = (. + _Min_Stack_Size)
 *fill*         0x200011f8      0x400 
                0x200015f8                        . = ALIGN (0x8)

/DISCARD/
 libc.a(*)
 libm.a(*)
 libgcc.a(*)

.ARM.attributes
                0x00000000       0x28
 *(.ARM.attributes)
 .ARM.attributes
                0x00000000       0x1e C:/ST/STM32CubeIDE_1.18.0/STM32CubeIDE/plugins/com.st.stm32cube.ide.mcu.externaltools.gnu-tools-for-stm32.13.3.rel1.win32_1.0.0.202411081344/tools/bin/../lib/gcc/arm-none-eabi/13.3.1/thumb/v6-m/nofp/crti.o
 .ARM.attributes
                0x0000001e       0x2c C:/ST/STM32CubeIDE_1.18.0/STM32CubeIDE/plugins/com.st.stm32cube.ide.mcu.externaltools.gnu-tools-for-stm32.13.3.rel1.win32_1.0.0.202411081344/tools/bin/../lib/gcc/arm-none-eabi/13.3.1/thumb/v6-m/nofp/crtbegin.o
 .ARM.attributes
                0x0000004a       0x2c ./Core/Src/main.o
 .ARM.attributes
                0x00000076       0x2c ./Core/Src/stm32f0xx_hal_msp.o
 .ARM.attributes
                0x000000a2       0x2c ./Core/Src/stm32f0xx_it.o
 .ARM.attributes
                0x000000ce       0x2c ./Core/Src/system_stm32f0xx.o
 .ARM.attributes
                0x000000fa       0x21 ./Core/Startup/startup_stm32f070f6px.o
 .ARM.attributes
                0x0000011b       0x2c ./Drivers/STM32F0xx_HAL_Driver/Src/stm32f0xx_hal.o
 .ARM.attributes
                0x00000147       0x2c ./Drivers/STM32F0xx_HAL_Driver/Src/stm32f0xx_hal_cortex.o
 .ARM.attributes
                0x00000173       0x2c ./Drivers/STM32F0xx_HAL_Driver/Src/stm32f0xx_hal_gpio.o
 .ARM.attributes
                0x0000019f       0x2c ./Drivers/STM32F0xx_HAL_Driver/Src/stm32f0xx_hal_pcd.o
 .ARM.attributes
                0x000001cb       0x2c ./Drivers/STM32F0xx_HAL_Driver/Src/stm32f0xx_hal_pcd_ex.o
 .ARM.attributes
                0x000001f7       0x2c ./Drivers/STM32F0xx_HAL_Driver/Src/stm32f0xx_hal_rcc.o
 .ARM.attributes
                0x00000223       0x2c ./Drivers/STM32F0xx_HAL_Driver/Src/stm32f0xx_hal_rcc_ex.o
 .ARM.attributes
                0x0000024f       0x2c ./Drivers/STM32F0xx_HAL_Driver/Src/stm32f0xx_hal_uart.o
 .ARM.attributes
                0x0000027b       0x2c ./Drivers/STM32F0xx_HAL_Driver/Src/stm32f0xx_ll_usb.o
 .ARM.attributes
                0x000002a7       0x2c ./Middlewares/ST/STM32_USB_Device_Library/Class/CDC/Src/usbd_cdc.o
 .ARM.attributes
                0x000002d3       0x2c ./Middlewares/ST/STM32_USB_Device_Library/Core/Src/usbd_core.o
 .ARM.attributes
                0x000002ff       0x2c ./Middlewares/ST/STM32_USB_Device_Library/Core/Src/usbd_ctlreq.o
 .ARM.attributes
                0x0000032b       0x2c ./Middlewares/ST/STM32_USB_Device_Library/Core/Src/usbd_ioreq.o
 .ARM.attributes
                0x00000357       0x2c ./USB_DEVICE/App/usb_device.o
 .ARM.attributes
                0x00000383       0x2c ./USB_DEVICE/App/usbd_cdc_if.o
 .ARM.attributes
                0x000003af       0x2c ./USB_DEVICE/App/usbd_desc.o
 .ARM.attributes
                0x000003db       0x2c ./USB_DEVICE/Target/usbd_conf.o
 .ARM.attributes
                0x00000407       0x2c C:/ST/STM32CubeIDE_1.18.0/STM32CubeIDE/plugins/com.st.stm32cube.ide.mcu.externaltools.gnu-tools-for-stm32.13.3.rel1.win32_1.0.0.202411081344/tools/bin/../lib/gcc/arm-none-eabi/13.3.1/../../../../arm-none-eabi/lib/thumb/v6-m/nofp\libc_nano.a(libc_a-memset.o)
 .ARM.attributes
                0x00000433       0x2c C:/ST/STM32CubeIDE_1.18.0/STM32CubeIDE/plugins/com.st.stm32cube.ide.mcu.externaltools.gnu-tools-for-stm32.13.3.rel1.win32_1.0.0.202411081344/tools/bin/../lib/gcc/arm-none-eabi/13.3.1/../../../../arm-none-eabi/lib/thumb/v6-m/nofp\libc_nano.a(libc_a-init.o)
 .ARM.attributes
                0x0000045f       0x2c C:/ST/STM32CubeIDE_1.18.0/STM32CubeIDE/plugins/com.st.stm32cube.ide.mcu.externaltools.gnu-tools-for-stm32.13.3.rel1.win32_1.0.0.202411081344/tools/bin/../lib/gcc/arm-none-eabi/13.3.1/../../../../arm-none-eabi/lib/thumb/v6-m/nofp\libc_nano.a(libc_a-memcpy-stub.o)
 .ARM.attributes
                0x0000048b       0x1e C:/ST/STM32CubeIDE_1.18.0/STM32CubeIDE/plugins/com.st.stm32cube.ide.mcu.externaltools.gnu-tools-for-stm32.13.3.rel1.win32_1.0.0.202411081344/tools/bin/../lib/gcc/arm-none-eabi/13.3.1/thumb/v6-m/nofp\libgcc.a(_udivsi3.o)
 .ARM.attributes
                0x000004a9       0x1e C:/ST/STM32CubeIDE_1.18.0/STM32CubeIDE/plugins/com.st.stm32cube.ide.mcu.externaltools.gnu-tools-for-stm32.13.3.rel1.win32_1.0.0.202411081344/tools/bin/../lib/gcc/arm-none-eabi/13.3.1/thumb/v6-m/nofp\libgcc.a(_dvmd_tls.o)
 .ARM.attributes
                0x000004c7       0x1e C:/ST/STM32CubeIDE_1.18.0/STM32CubeIDE/plugins/com.st.stm32cube.ide.mcu.externaltools.gnu-tools-for-stm32.13.3.rel1.win32_1.0.0.202411081344/tools/bin/../lib/gcc/arm-none-eabi/13.3.1/thumb/v6-m/nofp/crtn.o
OUTPUT(SDI12_to_USB.elf elf32-littlearm)
LOAD linker stubs
LOAD C:/ST/STM32CubeIDE_1.18.0/STM32CubeIDE/plugins/com.st.stm32cube.ide.mcu.externaltools.gnu-tools-for-stm32.13.3.rel1.win32_1.0.0.202411081344/tools/bin/../lib/gcc/arm-none-eabi/13.3.1/../../../../arm-none-eabi/lib/thumb/v6-m/nofp\libc.a
LOAD C:/ST/STM32CubeIDE_1.18.0/STM32CubeIDE/plugins/com.st.stm32cube.ide.mcu.externaltools.gnu-tools-for-stm32.13.3.rel1.win32_1.0.0.202411081344/tools/bin/../lib/gcc/arm-none-eabi/13.3.1/../../../../arm-none-eabi/lib/thumb/v6-m/nofp\libm.a
LOAD C:/ST/STM32CubeIDE_1.18.0/STM32CubeIDE/plugins/com.st.stm32cube.ide.mcu.externaltools.gnu-tools-for-stm32.13.3.rel1.win32_1.0.0.202411081344/tools/bin/../lib/gcc/arm-none-eabi/13.3.1/thumb/v6-m/nofp\libgcc.a

.debug_info     0x00000000    0x13ee4
 .debug_info    0x00000000      0xea2 ./Core/Src/main.o
 .debug_info    0x00000ea2      0x9be ./Core/Src/stm32f0xx_hal_msp.o
 .debug_info    0x00001860      0x60e ./Core/Src/stm32f0xx_it.o
 .debug_info    0x00001e6e      0x271 ./Core/Src/system_stm32f0xx.o
 .debug_info    0x000020df       0x30 ./Core/Startup/startup_stm32f070f6px.o
 .debug_info    0x0000210f      0x705 ./Drivers/STM32F0xx_HAL_Driver/Src/stm32f0xx_hal.o
 .debug_info    0x00002814      0x7cd ./Drivers/STM32F0xx_HAL_Driver/Src/stm32f0xx_hal_cortex.o
 .debug_info    0x00002fe1      0x604 ./Drivers/STM32F0xx_HAL_Driver/Src/stm32f0xx_hal_gpio.o
 .debug_info    0x000035e5     0x1ba3 ./Drivers/STM32F0xx_HAL_Driver/Src/stm32f0xx_hal_pcd.o
 .debug_info    0x00005188      0x977 ./Drivers/STM32F0xx_HAL_Driver/Src/stm32f0xx_hal_pcd_ex.o
 .debug_info    0x00005aff      0xa47 ./Drivers/STM32F0xx_HAL_Driver/Src/stm32f0xx_hal_rcc.o
 .debug_info    0x00006546      0x423 ./Drivers/STM32F0xx_HAL_Driver/Src/stm32f0xx_hal_rcc_ex.o
 .debug_info    0x00006969     0x4e2d ./Drivers/STM32F0xx_HAL_Driver/Src/stm32f0xx_hal_uart.o
 .debug_info    0x0000b796     0x19e1 ./Drivers/STM32F0xx_HAL_Driver/Src/stm32f0xx_ll_usb.o
 .debug_info    0x0000d177     0x1414 ./Middlewares/ST/STM32_USB_Device_Library/Class/CDC/Src/usbd_cdc.o
 .debug_info    0x0000e58b      0xdfe ./Middlewares/ST/STM32_USB_Device_Library/Core/Src/usbd_core.o
 .debug_info    0x0000f389     0x10e1 ./Middlewares/ST/STM32_USB_Device_Library/Core/Src/usbd_ctlreq.o
 .debug_info    0x0001046a      0x838 ./Middlewares/ST/STM32_USB_Device_Library/Core/Src/usbd_ioreq.o
 .debug_info    0x00010ca2      0x6c3 ./USB_DEVICE/App/usb_device.o
 .debug_info    0x00011365      0x96f ./USB_DEVICE/App/usbd_cdc_if.o
 .debug_info    0x00011cd4      0x5d1 ./USB_DEVICE/App/usbd_desc.o
 .debug_info    0x000122a5     0x1c3f ./USB_DEVICE/Target/usbd_conf.o

.debug_abbrev   0x00000000     0x322f
 .debug_abbrev  0x00000000      0x2a5 ./Core/Src/main.o
 .debug_abbrev  0x000002a5      0x1c2 ./Core/Src/stm32f0xx_hal_msp.o
 .debug_abbrev  0x00000467      0x19d ./Core/Src/stm32f0xx_it.o
 .debug_abbrev  0x00000604      0x138 ./Core/Src/system_stm32f0xx.o
 .debug_abbrev  0x0000073c       0x24 ./Core/Startup/startup_stm32f070f6px.o
 .debug_abbrev  0x00000760      0x26b ./Drivers/STM32F0xx_HAL_Driver/Src/stm32f0xx_hal.o
 .debug_abbrev  0x000009cb      0x2ee ./Drivers/STM32F0xx_HAL_Driver/Src/stm32f0xx_hal_cortex.o
 .debug_abbrev  0x00000cb9      0x1f6 ./Drivers/STM32F0xx_HAL_Driver/Src/stm32f0xx_hal_gpio.o
 .debug_abbrev  0x00000eaf      0x2e4 ./Drivers/STM32F0xx_HAL_Driver/Src/stm32f0xx_hal_pcd.o
 .debug_abbrev  0x00001193      0x26f ./Drivers/STM32F0xx_HAL_Driver/Src/stm32f0xx_hal_pcd_ex.o
 .debug_abbrev  0x00001402      0x29e ./Drivers/STM32F0xx_HAL_Driver/Src/stm32f0xx_hal_rcc.o
 .debug_abbrev  0x000016a0      0x1bc ./Drivers/STM32F0xx_HAL_Driver/Src/stm32f0xx_hal_rcc_ex.o
 .debug_abbrev  0x0000185c      0x327 ./Drivers/STM32F0xx_HAL_Driver/Src/stm32f0xx_hal_uart.o
 .debug_abbrev  0x00001b83      0x2c8 ./Drivers/STM32F0xx_HAL_Driver/Src/stm32f0xx_ll_usb.o
 .debug_abbrev  0x00001e4b      0x31e ./Middlewares/ST/STM32_USB_Device_Library/Class/CDC/Src/usbd_cdc.o
 .debug_abbrev  0x00002169      0x286 ./Middlewares/ST/STM32_USB_Device_Library/Core/Src/usbd_core.o
 .debug_abbrev  0x000023ef      0x2ed ./Middlewares/ST/STM32_USB_Device_Library/Core/Src/usbd_ctlreq.o
 .debug_abbrev  0x000026dc      0x1aa ./Middlewares/ST/STM32_USB_Device_Library/Core/Src/usbd_ioreq.o
 .debug_abbrev  0x00002886      0x1aa ./USB_DEVICE/App/usb_device.o
 .debug_abbrev  0x00002a30      0x29b ./USB_DEVICE/App/usbd_cdc_if.o
 .debug_abbrev  0x00002ccb      0x219 ./USB_DEVICE/App/usbd_desc.o
 .debug_abbrev  0x00002ee4      0x34b ./USB_DEVICE/Target/usbd_conf.o

.debug_loclists
                0x00000000     0x807e
 .debug_loclists
                0x00000000       0x54 ./Core/Src/main.o
 .debug_loclists
                0x00000054       0x6b ./Core/Src/stm32f0xx_hal_msp.o
 .debug_loclists
                0x000000bf       0xf2 ./Core/Src/system_stm32f0xx.o
 .debug_loclists
                0x000001b1       0xe1 ./Drivers/STM32F0xx_HAL_Driver/Src/stm32f0xx_hal.o
 .debug_loclists
                0x00000292      0x208 ./Drivers/STM32F0xx_HAL_Driver/Src/stm32f0xx_hal_cortex.o
 .debug_loclists
                0x0000049a      0x28d ./Drivers/STM32F0xx_HAL_Driver/Src/stm32f0xx_hal_gpio.o
 .debug_loclists
                0x00000727      0xffd ./Drivers/STM32F0xx_HAL_Driver/Src/stm32f0xx_hal_pcd.o
 .debug_loclists
                0x00001724      0x1f5 ./Drivers/STM32F0xx_HAL_Driver/Src/stm32f0xx_hal_pcd_ex.o
 .debug_loclists
                0x00001919      0x442 ./Drivers/STM32F0xx_HAL_Driver/Src/stm32f0xx_hal_rcc.o
 .debug_loclists
                0x00001d5b      0x3e8 ./Drivers/STM32F0xx_HAL_Driver/Src/stm32f0xx_hal_rcc_ex.o
 .debug_loclists
                0x00002143     0x235b ./Drivers/STM32F0xx_HAL_Driver/Src/stm32f0xx_hal_uart.o
 .debug_loclists
                0x0000449e     0x1206 ./Drivers/STM32F0xx_HAL_Driver/Src/stm32f0xx_ll_usb.o
 .debug_loclists
                0x000056a4      0x689 ./Middlewares/ST/STM32_USB_Device_Library/Class/CDC/Src/usbd_cdc.o
 .debug_loclists
                0x00005d2d      0x683 ./Middlewares/ST/STM32_USB_Device_Library/Core/Src/usbd_core.o
 .debug_loclists
                0x000063b0      0xe1c ./Middlewares/ST/STM32_USB_Device_Library/Core/Src/usbd_ctlreq.o
 .debug_loclists
                0x000071cc      0x214 ./Middlewares/ST/STM32_USB_Device_Library/Core/Src/usbd_ioreq.o
 .debug_loclists
                0x000073e0      0x137 ./USB_DEVICE/App/usbd_cdc_if.o
 .debug_loclists
                0x00007517      0x28f ./USB_DEVICE/App/usbd_desc.o
 .debug_loclists
                0x000077a6      0x8d8 ./USB_DEVICE/Target/usbd_conf.o

.debug_aranges  0x00000000      0xbe8
 .debug_aranges
                0x00000000       0x48 ./Core/Src/main.o
 .debug_aranges
                0x00000048       0x30 ./Core/Src/stm32f0xx_hal_msp.o
 .debug_aranges
                0x00000078       0x48 ./Core/Src/stm32f0xx_it.o
 .debug_aranges
                0x000000c0       0x28 ./Core/Src/system_stm32f0xx.o
 .debug_aranges
                0x000000e8       0x28 ./Core/Startup/startup_stm32f070f6px.o
 .debug_aranges
                0x00000110       0xd0 ./Drivers/STM32F0xx_HAL_Driver/Src/stm32f0xx_hal.o
 .debug_aranges
                0x000001e0       0x98 ./Drivers/STM32F0xx_HAL_Driver/Src/stm32f0xx_hal_cortex.o
 .debug_aranges
                0x00000278       0x58 ./Drivers/STM32F0xx_HAL_Driver/Src/stm32f0xx_hal_gpio.o
 .debug_aranges
                0x000002d0      0x138 ./Drivers/STM32F0xx_HAL_Driver/Src/stm32f0xx_hal_pcd.o
 .debug_aranges
                0x00000408       0x58 ./Drivers/STM32F0xx_HAL_Driver/Src/stm32f0xx_hal_pcd_ex.o
 .debug_aranges
                0x00000460       0x80 ./Drivers/STM32F0xx_HAL_Driver/Src/stm32f0xx_hal_rcc.o
 .debug_aranges
                0x000004e0       0x30 ./Drivers/STM32F0xx_HAL_Driver/Src/stm32f0xx_hal_rcc_ex.o
 .debug_aranges
                0x00000510      0x218 ./Drivers/STM32F0xx_HAL_Driver/Src/stm32f0xx_hal_uart.o
 .debug_aranges
                0x00000728       0xc8 ./Drivers/STM32F0xx_HAL_Driver/Src/stm32f0xx_ll_usb.o
 .debug_aranges
                0x000007f0       0x90 ./Middlewares/ST/STM32_USB_Device_Library/Class/CDC/Src/usbd_cdc.o
 .debug_aranges
                0x00000880       0xb8 ./Middlewares/ST/STM32_USB_Device_Library/Core/Src/usbd_core.o
 .debug_aranges
                0x00000938       0x88 ./Middlewares/ST/STM32_USB_Device_Library/Core/Src/usbd_ctlreq.o
 .debug_aranges
                0x000009c0       0x50 ./Middlewares/ST/STM32_USB_Device_Library/Core/Src/usbd_ioreq.o
 .debug_aranges
                0x00000a10       0x20 ./USB_DEVICE/App/usb_device.o
 .debug_aranges
                0x00000a30       0x40 ./USB_DEVICE/App/usbd_cdc_if.o
 .debug_aranges
                0x00000a70       0x60 ./USB_DEVICE/App/usbd_desc.o
 .debug_aranges
                0x00000ad0      0x118 ./USB_DEVICE/Target/usbd_conf.o

.debug_rnglists
                0x00000000      0xadc
 .debug_rnglists
                0x00000000       0x32 ./Core/Src/main.o
 .debug_rnglists
                0x00000032       0x1f ./Core/Src/stm32f0xx_hal_msp.o
 .debug_rnglists
                0x00000051       0x31 ./Core/Src/stm32f0xx_it.o
 .debug_rnglists
                0x00000082       0x1a ./Core/Src/system_stm32f0xx.o
 .debug_rnglists
                0x0000009c       0x1a ./Core/Startup/startup_stm32f070f6px.o
 .debug_rnglists
                0x000000b6       0x97 ./Drivers/STM32F0xx_HAL_Driver/Src/stm32f0xx_hal.o
 .debug_rnglists
                0x0000014d       0x79 ./Drivers/STM32F0xx_HAL_Driver/Src/stm32f0xx_hal_cortex.o
 .debug_rnglists
                0x000001c6       0x3f ./Drivers/STM32F0xx_HAL_Driver/Src/stm32f0xx_hal_gpio.o
 .debug_rnglists
                0x00000205      0x17b ./Drivers/STM32F0xx_HAL_Driver/Src/stm32f0xx_hal_pcd.o
 .debug_rnglists
                0x00000380       0x3e ./Drivers/STM32F0xx_HAL_Driver/Src/stm32f0xx_hal_pcd_ex.o
 .debug_rnglists
                0x000003be       0x6e ./Drivers/STM32F0xx_HAL_Driver/Src/stm32f0xx_hal_rcc.o
 .debug_rnglists
                0x0000042c       0x2f ./Drivers/STM32F0xx_HAL_Driver/Src/stm32f0xx_hal_rcc_ex.o
 .debug_rnglists
                0x0000045b      0x1d4 ./Drivers/STM32F0xx_HAL_Driver/Src/stm32f0xx_hal_uart.o
 .debug_rnglists
                0x0000062f      0x1d3 ./Drivers/STM32F0xx_HAL_Driver/Src/stm32f0xx_ll_usb.o
 .debug_rnglists
                0x00000802       0x69 ./Middlewares/ST/STM32_USB_Device_Library/Class/CDC/Src/usbd_cdc.o
 .debug_rnglists
                0x0000086b       0x87 ./Middlewares/ST/STM32_USB_Device_Library/Core/Src/usbd_core.o
 .debug_rnglists
                0x000008f2       0x64 ./Middlewares/ST/STM32_USB_Device_Library/Core/Src/usbd_ctlreq.o
 .debug_rnglists
                0x00000956       0x37 ./Middlewares/ST/STM32_USB_Device_Library/Core/Src/usbd_ioreq.o
 .debug_rnglists
                0x0000098d       0x13 ./USB_DEVICE/App/usb_device.o
 .debug_rnglists
                0x000009a0       0x2b ./USB_DEVICE/App/usbd_cdc_if.o
 .debug_rnglists
                0x000009cb       0x43 ./USB_DEVICE/App/usbd_desc.o
 .debug_rnglists
                0x00000a0e       0xce ./USB_DEVICE/Target/usbd_conf.o

.debug_macro    0x00000000    0x125a3
 .debug_macro   0x00000000      0x390 ./Core/Src/main.o
 .debug_macro   0x00000390      0xaae ./Core/Src/main.o
 .debug_macro   0x00000e3e      0x133 ./Core/Src/main.o
 .debug_macro   0x00000f71       0x2e ./Core/Src/main.o
 .debug_macro   0x00000f9f       0x22 ./Core/Src/main.o
 .debug_macro   0x00000fc1       0x22 ./Core/Src/main.o
 .debug_macro   0x00000fe3       0x8e ./Core/Src/main.o
 .debug_macro   0x00001071       0x51 ./Core/Src/main.o
 .debug_macro   0x000010c2      0x103 ./Core/Src/main.o
 .debug_macro   0x000011c5       0x6a ./Core/Src/main.o
 .debug_macro   0x0000122f      0x1df ./Core/Src/main.o
 .debug_macro   0x0000140e       0x1c ./Core/Src/main.o
 .debug_macro   0x0000142a       0x22 ./Core/Src/main.o
 .debug_macro   0x0000144c       0xaf ./Core/Src/main.o
 .debug_macro   0x000014fb      0x391 ./Core/Src/main.o
 .debug_macro   0x0000188c     0x72a4 ./Core/Src/main.o
 .debug_macro   0x00008b30       0x66 ./Core/Src/main.o
 .debug_macro   0x00008b96     0x34da ./Core/Src/main.o
 .debug_macro   0x0000c070      0x190 ./Core/Src/main.o
 .debug_macro   0x0000c200       0x55 ./Core/Src/main.o
 .debug_macro   0x0000c255      0x924 ./Core/Src/main.o
 .debug_macro   0x0000cb79      0x19b ./Core/Src/main.o
 .debug_macro   0x0000cd14      0x1ae ./Core/Src/main.o
 .debug_macro   0x0000cec2       0xea ./Core/Src/main.o
 .debug_macro   0x0000cfac      0x1a0 ./Core/Src/main.o
 .debug_macro   0x0000d14c      0x1ed ./Core/Src/main.o
 .debug_macro   0x0000d339       0x34 ./Core/Src/main.o
 .debug_macro   0x0000d36d       0x43 ./Core/Src/main.o
 .debug_macro   0x0000d3b0       0x28 ./Core/Src/main.o
 .debug_macro   0x0000d3d8       0xb0 ./Core/Src/main.o
 .debug_macro   0x0000d488      0x15a ./Core/Src/main.o
 .debug_macro   0x0000d5e2      0x22c ./Core/Src/main.o
 .debug_macro   0x0000d80e       0x61 ./Core/Src/main.o
 .debug_macro   0x0000d86f       0xa5 ./Core/Src/main.o
 .debug_macro   0x0000d914       0x73 ./Core/Src/main.o
 .debug_macro   0x0000d987      0x22d ./Core/Src/main.o
 .debug_macro   0x0000dbb4       0x4c ./Core/Src/main.o
 .debug_macro   0x0000dc00       0x32 ./Core/Src/main.o
 .debug_macro   0x0000dc32      0x56d ./Core/Src/main.o
 .debug_macro   0x0000e19f       0x44 ./Core/Src/main.o
 .debug_macro   0x0000e1e3      0x10b ./Core/Src/main.o
 .debug_macro   0x0000e2ee       0x61 ./Core/Src/main.o
 .debug_macro   0x0000e34f       0x24 ./Core/Src/main.o
 .debug_macro   0x0000e373       0x43 ./Core/Src/main.o
 .debug_macro   0x0000e3b6       0x34 ./Core/Src/main.o
 .debug_macro   0x0000e3ea       0x16 ./Core/Src/main.o
 .debug_macro   0x0000e400       0x3c ./Core/Src/main.o
 .debug_macro   0x0000e43c      0x370 ./Core/Src/main.o
 .debug_macro   0x0000e7ac       0x10 ./Core/Src/main.o
 .debug_macro   0x0000e7bc       0x16 ./Core/Src/main.o
 .debug_macro   0x0000e7d2       0x4a ./Core/Src/main.o
 .debug_macro   0x0000e81c       0x34 ./Core/Src/main.o
 .debug_macro   0x0000e850       0x10 ./Core/Src/main.o
 .debug_macro   0x0000e860       0x58 ./Core/Src/main.o
 .debug_macro   0x0000e8b8       0x8e ./Core/Src/main.o
 .debug_macro   0x0000e946       0x1c ./Core/Src/main.o
 .debug_macro   0x0000e962      0x185 ./Core/Src/main.o
 .debug_macro   0x0000eae7       0x16 ./Core/Src/main.o
 .debug_macro   0x0000eafd       0x16 ./Core/Src/main.o
 .debug_macro   0x0000eb13      0x146 ./Core/Src/main.o
 .debug_macro   0x0000ec59       0x16 ./Core/Src/main.o
 .debug_macro   0x0000ec6f       0x16 ./Core/Src/main.o
 .debug_macro   0x0000ec85       0x29 ./Core/Src/main.o
 .debug_macro   0x0000ecae       0x16 ./Core/Src/main.o
 .debug_macro   0x0000ecc4       0x20 ./Core/Src/main.o
 .debug_macro   0x0000ece4       0x5f ./Core/Src/main.o
 .debug_macro   0x0000ed43      0x1c8 ./Core/Src/main.o
 .debug_macro   0x0000ef0b       0x8f ./Core/Src/main.o
 .debug_macro   0x0000ef9a       0x10 ./Core/Src/main.o
 .debug_macro   0x0000efaa      0x1dc ./Core/Src/stm32f0xx_hal_msp.o
 .debug_macro   0x0000f186      0x1e6 ./Core/Src/stm32f0xx_it.o
 .debug_macro   0x0000f36c      0x1d2 ./Core/Src/system_stm32f0xx.o
 .debug_macro   0x0000f53e      0x1f6 ./Drivers/STM32F0xx_HAL_Driver/Src/stm32f0xx_hal.o
 .debug_macro   0x0000f734      0x1d2 ./Drivers/STM32F0xx_HAL_Driver/Src/stm32f0xx_hal_cortex.o
 .debug_macro   0x0000f906      0x1d9 ./Drivers/STM32F0xx_HAL_Driver/Src/stm32f0xx_hal_gpio.o
 .debug_macro   0x0000fadf      0x1de ./Drivers/STM32F0xx_HAL_Driver/Src/stm32f0xx_hal_pcd.o
 .debug_macro   0x0000fcbd      0x1d2 ./Drivers/STM32F0xx_HAL_Driver/Src/stm32f0xx_hal_pcd_ex.o
 .debug_macro   0x0000fe8f      0x1e4 ./Drivers/STM32F0xx_HAL_Driver/Src/stm32f0xx_hal_rcc.o
 .debug_macro   0x00010073      0x1d2 ./Drivers/STM32F0xx_HAL_Driver/Src/stm32f0xx_hal_rcc_ex.o
 .debug_macro   0x00010245      0x1ef ./Drivers/STM32F0xx_HAL_Driver/Src/stm32f0xx_hal_uart.o
 .debug_macro   0x00010434      0x1d2 ./Drivers/STM32F0xx_HAL_Driver/Src/stm32f0xx_ll_usb.o
 .debug_macro   0x00010606      0x36b ./Middlewares/ST/STM32_USB_Device_Library/Class/CDC/Src/usbd_cdc.o
 .debug_macro   0x00010971       0x9e ./Middlewares/ST/STM32_USB_Device_Library/Class/CDC/Src/usbd_cdc.o
 .debug_macro   0x00010a0f      0x112 ./Middlewares/ST/STM32_USB_Device_Library/Class/CDC/Src/usbd_cdc.o
 .debug_macro   0x00010b21       0x4f ./Middlewares/ST/STM32_USB_Device_Library/Class/CDC/Src/usbd_cdc.o
 .debug_macro   0x00010b70      0x352 ./Middlewares/ST/STM32_USB_Device_Library/Core/Src/usbd_core.o
 .debug_macro   0x00010ec2      0x1ce ./Middlewares/ST/STM32_USB_Device_Library/Core/Src/usbd_core.o
 .debug_macro   0x00011090      0x35c ./Middlewares/ST/STM32_USB_Device_Library/Core/Src/usbd_ctlreq.o
 .debug_macro   0x000113ec      0x358 ./Middlewares/ST/STM32_USB_Device_Library/Core/Src/usbd_ioreq.o
 .debug_macro   0x00011744      0x391 ./USB_DEVICE/App/usb_device.o
 .debug_macro   0x00011ad5       0x22 ./USB_DEVICE/App/usb_device.o
 .debug_macro   0x00011af7       0x16 ./USB_DEVICE/App/usb_device.o
 .debug_macro   0x00011b0d      0x376 ./USB_DEVICE/App/usbd_cdc_if.o
 .debug_macro   0x00011e83      0x38f ./USB_DEVICE/App/usbd_desc.o
 .debug_macro   0x00012212       0x1c ./USB_DEVICE/App/usbd_desc.o
 .debug_macro   0x0001222e      0x375 ./USB_DEVICE/Target/usbd_conf.o

.debug_line     0x00000000    0x158e3
 .debug_line    0x00000000      0xc3c ./Core/Src/main.o
 .debug_line    0x00000c3c      0x82a ./Core/Src/stm32f0xx_hal_msp.o
 .debug_line    0x00001466      0x7f9 ./Core/Src/stm32f0xx_it.o
 .debug_line    0x00001c5f      0x822 ./Core/Src/system_stm32f0xx.o
 .debug_line    0x00002481       0x8d ./Core/Startup/startup_stm32f070f6px.o
 .debug_line    0x0000250e      0xa8d ./Drivers/STM32F0xx_HAL_Driver/Src/stm32f0xx_hal.o
 .debug_line    0x00002f9b      0xb0a ./Drivers/STM32F0xx_HAL_Driver/Src/stm32f0xx_hal_cortex.o
 .debug_line    0x00003aa5      0xc63 ./Drivers/STM32F0xx_HAL_Driver/Src/stm32f0xx_hal_gpio.o
 .debug_line    0x00004708     0x1dc4 ./Drivers/STM32F0xx_HAL_Driver/Src/stm32f0xx_hal_pcd.o
 .debug_line    0x000064cc      0x9ed ./Drivers/STM32F0xx_HAL_Driver/Src/stm32f0xx_hal_pcd_ex.o
 .debug_line    0x00006eb9     0x11aa ./Drivers/STM32F0xx_HAL_Driver/Src/stm32f0xx_hal_rcc.o
 .debug_line    0x00008063      0xac6 ./Drivers/STM32F0xx_HAL_Driver/Src/stm32f0xx_hal_rcc_ex.o
 .debug_line    0x00008b29     0x4328 ./Drivers/STM32F0xx_HAL_Driver/Src/stm32f0xx_hal_uart.o
 .debug_line    0x0000ce51     0x1cea ./Drivers/STM32F0xx_HAL_Driver/Src/stm32f0xx_ll_usb.o
 .debug_line    0x0000eb3b      0xf3d ./Middlewares/ST/STM32_USB_Device_Library/Class/CDC/Src/usbd_cdc.o
 .debug_line    0x0000fa78      0xf34 ./Middlewares/ST/STM32_USB_Device_Library/Core/Src/usbd_core.o
 .debug_line    0x000109ac     0x132f ./Middlewares/ST/STM32_USB_Device_Library/Core/Src/usbd_ctlreq.o
 .debug_line    0x00011cdb      0xadb ./Middlewares/ST/STM32_USB_Device_Library/Core/Src/usbd_ioreq.o
 .debug_line    0x000127b6      0xa70 ./USB_DEVICE/App/usb_device.o
 .debug_line    0x00013226      0xb47 ./USB_DEVICE/App/usbd_cdc_if.o
 .debug_line    0x00013d6d      0xbb5 ./USB_DEVICE/App/usbd_desc.o
 .debug_line    0x00014922      0xfc1 ./USB_DEVICE/Target/usbd_conf.o

.debug_str      0x00000000    0x626c5
 .debug_str     0x00000000    0x626c5 ./Core/Src/main.o
                              0x5fbe3 (size before relaxing)
 .debug_str     0x000626c5    0x5b30c ./Core/Src/stm32f0xx_hal_msp.o
 .debug_str     0x000626c5    0x5b1b7 ./Core/Src/stm32f0xx_it.o
 .debug_str     0x000626c5    0x5ae53 ./Core/Src/system_stm32f0xx.o
 .debug_str     0x000626c5       0x77 ./Core/Startup/startup_stm32f070f6px.o
 .debug_str     0x000626c5    0x5b3c7 ./Drivers/STM32F0xx_HAL_Driver/Src/stm32f0xx_hal.o
 .debug_str     0x000626c5    0x5b1aa ./Drivers/STM32F0xx_HAL_Driver/Src/stm32f0xx_hal_cortex.o
 .debug_str     0x000626c5    0x5afe6 ./Drivers/STM32F0xx_HAL_Driver/Src/stm32f0xx_hal_gpio.o
 .debug_str     0x000626c5    0x5b710 ./Drivers/STM32F0xx_HAL_Driver/Src/stm32f0xx_hal_pcd.o
 .debug_str     0x000626c5    0x5b34c ./Drivers/STM32F0xx_HAL_Driver/Src/stm32f0xx_hal_pcd_ex.o
 .debug_str     0x000626c5    0x5b28f ./Drivers/STM32F0xx_HAL_Driver/Src/stm32f0xx_hal_rcc.o
 .debug_str     0x000626c5    0x5afcd ./Drivers/STM32F0xx_HAL_Driver/Src/stm32f0xx_hal_rcc_ex.o
 .debug_str     0x000626c5    0x5bb6c ./Drivers/STM32F0xx_HAL_Driver/Src/stm32f0xx_hal_uart.o
 .debug_str     0x000626c5    0x5b24d ./Drivers/STM32F0xx_HAL_Driver/Src/stm32f0xx_ll_usb.o
 .debug_str     0x000626c5    0x5fdd3 ./Middlewares/ST/STM32_USB_Device_Library/Class/CDC/Src/usbd_cdc.o
 .debug_str     0x000626c5    0x5f6d7 ./Middlewares/ST/STM32_USB_Device_Library/Core/Src/usbd_core.o
 .debug_str     0x000626c5    0x5f5e0 ./Middlewares/ST/STM32_USB_Device_Library/Core/Src/usbd_ctlreq.o
 .debug_str     0x000626c5    0x5f50d ./Middlewares/ST/STM32_USB_Device_Library/Core/Src/usbd_ioreq.o
 .debug_str     0x000626c5    0x5f896 ./USB_DEVICE/App/usb_device.o
 .debug_str     0x000626c5    0x5f91d ./USB_DEVICE/App/usbd_cdc_if.o
 .debug_str     0x000626c5    0x5f449 ./USB_DEVICE/App/usbd_desc.o
 .debug_str     0x000626c5    0x601c7 ./USB_DEVICE/Target/usbd_conf.o

.comment        0x00000000       0x43
 .comment       0x00000000       0x43 ./Core/Src/main.o
                                 0x44 (size before relaxing)
 .comment       0x00000043       0x44 ./Core/Src/stm32f0xx_hal_msp.o
 .comment       0x00000043       0x44 ./Core/Src/stm32f0xx_it.o
 .comment       0x00000043       0x44 ./Core/Src/system_stm32f0xx.o
 .comment       0x00000043       0x44 ./Drivers/STM32F0xx_HAL_Driver/Src/stm32f0xx_hal.o
 .comment       0x00000043       0x44 ./Drivers/STM32F0xx_HAL_Driver/Src/stm32f0xx_hal_cortex.o
 .comment       0x00000043       0x44 ./Drivers/STM32F0xx_HAL_Driver/Src/stm32f0xx_hal_gpio.o
 .comment       0x00000043       0x44 ./Drivers/STM32F0xx_HAL_Driver/Src/stm32f0xx_hal_pcd.o
 .comment       0x00000043       0x44 ./Drivers/STM32F0xx_HAL_Driver/Src/stm32f0xx_hal_pcd_ex.o
 .comment       0x00000043       0x44 ./Drivers/STM32F0xx_HAL_Driver/Src/stm32f0xx_hal_rcc.o
 .comment       0x00000043       0x44 ./Drivers/STM32F0xx_HAL_Driver/Src/stm32f0xx_hal_rcc_ex.o
 .comment       0x00000043       0x44 ./Drivers/STM32F0xx_HAL_Driver/Src/stm32f0xx_hal_uart.o
 .comment       0x00000043       0x44 ./Drivers/STM32F0xx_HAL_Driver/Src/stm32f0xx_ll_usb.o
 .comment       0x00000043       0x44 ./Middlewares/ST/STM32_USB_Device_Library/Class/CDC/Src/usbd_cdc.o
 .comment       0x00000043       0x44 ./Middlewares/ST/STM32_USB_Device_Library/Core/Src/usbd_core.o
 .comment       0x00000043       0x44 ./Middlewares/ST/STM32_USB_Device_Library/Core/Src/usbd_ctlreq.o
 .comment       0x00000043       0x44 ./Middlewares/ST/STM32_USB_Device_Library/Core/Src/usbd_ioreq.o
 .comment       0x00000043       0x44 ./USB_DEVICE/App/usb_device.o
 .comment       0x00000043       0x44 ./USB_DEVICE/App/usbd_cdc_if.o
 .comment       0x00000043       0x44 ./USB_DEVICE/App/usbd_desc.o
 .comment       0x00000043       0x44 ./USB_DEVICE/Target/usbd_conf.o

.debug_frame    0x00000000     0x1ce8
 .debug_frame   0x00000000       0xa0 ./Core/Src/main.o
 .debug_frame   0x000000a0       0x58 ./Core/Src/stm32f0xx_hal_msp.o
 .debug_frame   0x000000f8       0x80 ./Core/Src/stm32f0xx_it.o
 .debug_frame   0x00000178       0x38 ./Core/Src/system_stm32f0xx.o
 .debug_frame   0x000001b0      0x1ac ./Drivers/STM32F0xx_HAL_Driver/Src/stm32f0xx_hal.o
 .debug_frame   0x0000035c      0x144 ./Drivers/STM32F0xx_HAL_Driver/Src/stm32f0xx_hal_cortex.o
 .debug_frame   0x000004a0       0xc0 ./Drivers/STM32F0xx_HAL_Driver/Src/stm32f0xx_hal_gpio.o
 .debug_frame   0x00000560      0x358 ./Drivers/STM32F0xx_HAL_Driver/Src/stm32f0xx_hal_pcd.o
 .debug_frame   0x000008b8       0xa8 ./Drivers/STM32F0xx_HAL_Driver/Src/stm32f0xx_hal_pcd_ex.o
 .debug_frame   0x00000960      0x138 ./Drivers/STM32F0xx_HAL_Driver/Src/stm32f0xx_hal_rcc.o
 .debug_frame   0x00000a98       0x58 ./Drivers/STM32F0xx_HAL_Driver/Src/stm32f0xx_hal_rcc_ex.o
 .debug_frame   0x00000af0      0x5f8 ./Drivers/STM32F0xx_HAL_Driver/Src/stm32f0xx_hal_uart.o
 .debug_frame   0x000010e8      0x1b4 ./Drivers/STM32F0xx_HAL_Driver/Src/stm32f0xx_ll_usb.o
 .debug_frame   0x0000129c      0x158 ./Middlewares/ST/STM32_USB_Device_Library/Class/CDC/Src/usbd_cdc.o
 .debug_frame   0x000013f4      0x1c4 ./Middlewares/ST/STM32_USB_Device_Library/Core/Src/usbd_core.o
 .debug_frame   0x000015b8      0x168 ./Middlewares/ST/STM32_USB_Device_Library/Core/Src/usbd_ctlreq.o
 .debug_frame   0x00001720       0xb8 ./Middlewares/ST/STM32_USB_Device_Library/Core/Src/usbd_ioreq.o
 .debug_frame   0x000017d8       0x28 ./USB_DEVICE/App/usb_device.o
 .debug_frame   0x00001800       0x7c ./USB_DEVICE/App/usbd_cdc_if.o
 .debug_frame   0x0000187c       0xe0 ./USB_DEVICE/App/usbd_desc.o
 .debug_frame   0x0000195c      0x2f8 ./USB_DEVICE/Target/usbd_conf.o
 .debug_frame   0x00001c54       0x20 C:/ST/STM32CubeIDE_1.18.0/STM32CubeIDE/plugins/com.st.stm32cube.ide.mcu.externaltools.gnu-tools-for-stm32.13.3.rel1.win32_1.0.0.202411081344/tools/bin/../lib/gcc/arm-none-eabi/13.3.1/../../../../arm-none-eabi/lib/thumb/v6-m/nofp\libc_nano.a(libc_a-memset.o)
 .debug_frame   0x00001c74       0x2c C:/ST/STM32CubeIDE_1.18.0/STM32CubeIDE/plugins/com.st.stm32cube.ide.mcu.externaltools.gnu-tools-for-stm32.13.3.rel1.win32_1.0.0.202411081344/tools/bin/../lib/gcc/arm-none-eabi/13.3.1/../../../../arm-none-eabi/lib/thumb/v6-m/nofp\libc_nano.a(libc_a-init.o)
 .debug_frame   0x00001ca0       0x28 C:/ST/STM32CubeIDE_1.18.0/STM32CubeIDE/plugins/com.st.stm32cube.ide.mcu.externaltools.gnu-tools-for-stm32.13.3.rel1.win32_1.0.0.202411081344/tools/bin/../lib/gcc/arm-none-eabi/13.3.1/../../../../arm-none-eabi/lib/thumb/v6-m/nofp\libc_nano.a(libc_a-memcpy-stub.o)
 .debug_frame   0x00001cc8       0x20 C:/ST/STM32CubeIDE_1.18.0/STM32CubeIDE/plugins/com.st.stm32cube.ide.mcu.externaltools.gnu-tools-for-stm32.13.3.rel1.win32_1.0.0.202411081344/tools/bin/../lib/gcc/arm-none-eabi/13.3.1/thumb/v6-m/nofp\libgcc.a(_udivsi3.o)

.debug_line_str
                0x00000000       0x5b
 .debug_line_str
                0x00000000       0x5b ./Core/Startup/startup_stm32f070f6px.o
